Oct 18 00:00:22 linux-example systemd[1]: logrotate.service: Main process exited, code=exited, status=1/FAILURE
Oct 18 00:00:22 linux-example systemd[1]: logrotate.service: Failed with result 'exit-code'.
Oct 18 00:00:22 linux-example systemd[1]: Failed to start Rotate log files.
Oct 18 00:00:22 linux-example systemd[1]: man-db.service: Succeeded.
Oct 18 00:00:22 linux-example systemd[1]: Finished Daily man-db regeneration.
Oct 18 00:03:01 linux-example CRON[3473991]: (omsagent) CMD (/opt/omi/bin/OMSConsistencyInvoker >/dev/null 2>&1)
Oct 18 00:03:21 linux-example systemd[1]: Starting Refresh fwupd metadata and update motd...
Oct 18 00:03:21 linux-example systemd[1]: fwupd-refresh.service: Main process exited, code=exited, status=1/FAILURE
Oct 18 00:03:21 linux-example systemd[1]: fwupd-refresh.service: Failed with result 'exit-code'.
Oct 18 00:03:21 linux-example systemd[1]: Failed to start Refresh fwupd metadata and update motd.
Oct 18 00:05:01 linux-example CRON[3474297]: (root) CMD (/usr/sbin/logrotate -s /var/lib/logrotate/omsagent-status /etc/logrotate.d/omsagent* >/dev/null 2>&1)
Oct 18 00:10:01 linux-example CRON[3474610]: (root) CMD (/usr/sbin/logrotate -s /var/lib/logrotate/omsagent-status /etc/logrotate.d/omsagent* >/dev/null 2>&1)
Oct 18 00:15:01 linux-example CRON[3474900]: (root) CMD (/usr/sbin/logrotate -s /var/lib/logrotate/omsagent-status /etc/logrotate.d/omsagent* >/dev/null 2>&1)
Oct 18 00:15:01 linux-example CRON[3474902]: (root) CMD (/usr/sbin/logrotate /etc/logrotate.d/omi --state /var/opt/omi/log/omi-logrotate.status >/dev/null 2>&1)
Oct 18 00:16:22 linux-example systemd[1]: Starting Message of the Day...
Oct 18 00:16:22 linux-example 50-motd-news[3475011]:  * Super-optimized for small spaces - read how we shrank the memory
Oct 18 00:16:22 linux-example 50-motd-news[3475011]:    footprint of MicroK8s to make it the smallest full K8s around.
Oct 18 00:16:22 linux-example 50-motd-news[3475011]:    https://ubuntu.com/blog/microk8s-memory-optimisation
Oct 18 00:16:22 linux-example systemd[1]: motd-news.service: Succeeded.
Oct 18 00:16:22 linux-example systemd[1]: Finished Message of the Day.
Oct 18 00:17:01 linux-example CRON[3475048]: (root) CMD (   cd / && run-parts --report /etc/cron.hourly)
Oct 18 00:18:01 linux-example CRON[3475113]: (omsagent) CMD (/opt/omi/bin/OMSConsistencyInvoker >/dev/null 2>&1)
Oct 18 00:19:13 linux-example python3[406733]: 2022-10-18T00:19:13.386926Z INFO ExtHandler ExtHandler No requested version specified, checking for all versions for agent update (family: Prod)
Oct 18 00:19:31 linux-example python3[406733]: 2022-10-18T00:19:31.482491Z INFO ExtHandler ExtHandler [HEARTBEAT] Agent WALinuxAgent-2.8.0.11 is running as the goal state agent [DEBUG HeartbeatCounter: 1312;HeartbeatId: A7B96418-C870-4723-92EB-A32EF3944BA1;DroppedPackets: 0;UpdateGSErrors: 0;AutoUpdate: 1]
Oct 18 00:20:01 linux-example CRON[3475409]: (root) CMD (/usr/sbin/logrotate -s /var/lib/logrotate/omsagent-status /etc/logrotate.d/omsagent* >/dev/null 2>&1)
Oct 18 00:25:01 linux-example CRON[3475714]: (root) CMD (/usr/sbin/logrotate -s /var/lib/logrotate/omsagent-status /etc/logrotate.d/omsagent* >/dev/null 2>&1)
Oct 18 00:27:49 linux-example dbus-daemon[791]: [system] Activating via systemd: service name='org.freedesktop.PackageKit' unit='packagekit.service' requested by ':1.46290' (uid=0 pid=3476164 comm="/usr/bin/gdbus call --system --dest org.freedeskto" label="unconfined")
Oct 18 00:27:49 linux-example systemd[1]: Starting PackageKit Daemon...
Oct 18 00:27:49 linux-example PackageKit: daemon start
Oct 18 00:27:49 linux-example dbus-daemon[791]: [system] Successfully activated service 'org.freedesktop.PackageKit'
Oct 18 00:27:49 linux-example systemd[1]: Started PackageKit Daemon.
Oct 18 00:30:01 linux-example CRON[3476417]: (root) CMD (/usr/sbin/logrotate -s /var/lib/logrotate/omsagent-status /etc/logrotate.d/omsagent* >/dev/null 2>&1)
Oct 18 00:30:01 linux-example CRON[3476418]: (root) CMD (/usr/sbin/logrotate /etc/logrotate.d/omi --state /var/opt/omi/log/omi-logrotate.status >/dev/null 2>&1)
Oct 18 00:32:54 linux-example PackageKit: daemon quit
Oct 18 00:32:54 linux-example systemd[1]: packagekit.service: Succeeded.
Oct 18 00:33:01 linux-example CRON[3476587]: (omsagent) CMD (/opt/omi/bin/OMSConsistencyInvoker >/dev/null 2>&1)
Oct 18 00:35:01 linux-example CRON[3476867]: (root) CMD (/usr/sbin/logrotate -s /var/lib/logrotate/omsagent-status /etc/logrotate.d/omsagent* >/dev/null 2>&1)
Oct 18 00:40:01 linux-example CRON[3477140]: (root) CMD (/usr/sbin/logrotate -s /var/lib/logrotate/omsagent-status /etc/logrotate.d/omsagent* >/dev/null 2>&1)
Oct 18 00:45:01 linux-example CRON[3477419]: (root) CMD (/usr/sbin/logrotate /etc/logrotate.d/omi --state /var/opt/omi/log/omi-logrotate.status >/dev/null 2>&1)
Oct 18 00:45:01 linux-example CRON[3477421]: (root) CMD (/usr/sbin/logrotate -s /var/lib/logrotate/omsagent-status /etc/logrotate.d/omsagent* >/dev/null 2>&1)
Oct 18 00:48:01 linux-example CRON[3477618]: (omsagent) CMD (/opt/omi/bin/OMSConsistencyInvoker >/dev/null 2>&1)
Oct 18 00:49:32 linux-example python3[406733]: 2022-10-18T00:49:32.474861Z INFO ExtHandler ExtHandler [HEARTBEAT] Agent WALinuxAgent-2.8.0.11 is running as the goal state agent [DEBUG HeartbeatCounter: 1313;HeartbeatId: A7B96418-C870-4723-92EB-A32EF3944BA1;DroppedPackets: 0;UpdateGSErrors: 0;AutoUpdate: 1]
Oct 18 00:50:01 linux-example CRON[3477894]: (root) CMD (/usr/sbin/logrotate -s /var/lib/logrotate/omsagent-status /etc/logrotate.d/omsagent* >/dev/null 2>&1)
Oct 18 00:55:01 linux-example CRON[3478177]: (root) CMD (/usr/sbin/logrotate -s /var/lib/logrotate/omsagent-status /etc/logrotate.d/omsagent* >/dev/null 2>&1)
Oct 18 01:00:01 linux-example CRON[3478518]: (root) CMD (/usr/sbin/logrotate /etc/logrotate.d/omi --state /var/opt/omi/log/omi-logrotate.status >/dev/null 2>&1)
Oct 18 01:00:01 linux-example CRON[3478519]: (root) CMD (/usr/sbin/logrotate -s /var/lib/logrotate/omsagent-status /etc/logrotate.d/omsagent* >/dev/null 2>&1)
Oct 18 01:03:01 linux-example CRON[3478703]: (omsagent) CMD (/opt/omi/bin/OMSConsistencyInvoker >/dev/null 2>&1)
Oct 18 01:05:01 linux-example CRON[3478972]: (root) CMD (/usr/sbin/logrotate -s /var/lib/logrotate/omsagent-status /etc/logrotate.d/omsagent* >/dev/null 2>&1)
Oct 18 01:10:01 linux-example CRON[3479251]: (root) CMD (/usr/sbin/logrotate -s /var/lib/logrotate/omsagent-status /etc/logrotate.d/omsagent* >/dev/null 2>&1)
Oct 18 01:15:01 linux-example CRON[3479536]: (root) CMD (/usr/sbin/logrotate -s /var/lib/logrotate/omsagent-status /etc/logrotate.d/omsagent* >/dev/null 2>&1)
Oct 18 01:15:01 linux-example CRON[3479537]: (root) CMD (/usr/sbin/logrotate /etc/logrotate.d/omi --state /var/opt/omi/log/omi-logrotate.status >/dev/null 2>&1)
Oct 18 01:17:01 linux-example CRON[3479650]: (root) CMD (   cd / && run-parts --report /etc/cron.hourly)
Oct 18 01:18:01 linux-example CRON[3479709]: (omsagent) CMD (/opt/omi/bin/OMSConsistencyInvoker >/dev/null 2>&1)
Oct 18 01:19:14 linux-example python3[406733]: 2022-10-18T01:19:14.804650Z INFO ExtHandler ExtHandler No requested version specified, checking for all versions for agent update (family: Prod)
Oct 18 01:19:32 linux-example python3[406733]: 2022-10-18T01:19:32.910196Z INFO ExtHandler ExtHandler [HEARTBEAT] Agent WALinuxAgent-2.8.0.11 is running as the goal state agent [DEBUG HeartbeatCounter: 1314;HeartbeatId: A7B96418-C870-4723-92EB-A32EF3944BA1;DroppedPackets: 0;UpdateGSErrors: 0;AutoUpdate: 1]
Oct 18 01:20:01 linux-example CRON[3479977]: (root) CMD (/usr/sbin/logrotate -s /var/lib/logrotate/omsagent-status /etc/logrotate.d/omsagent* >/dev/null 2>&1)
Oct 18 01:25:01 linux-example CRON[3480258]: (root) CMD (/usr/sbin/logrotate -s /var/lib/logrotate/omsagent-status /etc/logrotate.d/omsagent* >/dev/null 2>&1)
Oct 18 01:27:52 linux-example dbus-daemon[791]: [system] Activating via systemd: service name='org.freedesktop.PackageKit' unit='packagekit.service' requested by ':1.46353' (uid=0 pid=3480696 comm="/usr/bin/gdbus call --system --dest org.freedeskto" label="unconfined")
Oct 18 01:27:52 linux-example systemd[1]: Starting PackageKit Daemon...
Oct 18 01:27:52 linux-example PackageKit: daemon start
Oct 18 01:27:52 linux-example dbus-daemon[791]: [system] Successfully activated service 'org.freedesktop.PackageKit'
Oct 18 01:27:52 linux-example systemd[1]: Started PackageKit Daemon.
Oct 18 01:30:01 linux-example CRON[3480952]: (root) CMD (/usr/sbin/logrotate -s /var/lib/logrotate/omsagent-status /etc/logrotate.d/omsagent* >/dev/null 2>&1)
Oct 18 01:30:01 linux-example CRON[3480954]: (root) CMD (/usr/sbin/logrotate /etc/logrotate.d/omi --state /var/opt/omi/log/omi-logrotate.status >/dev/null 2>&1)
Oct 18 01:32:57 linux-example PackageKit: daemon quit
Oct 18 01:32:57 linux-example systemd[1]: packagekit.service: Succeeded.
Oct 18 01:33:01 linux-example CRON[3481125]: (omsagent) CMD (/opt/omi/bin/OMSConsistencyInvoker >/dev/null 2>&1)
Oct 18 01:35:01 linux-example CRON[3481405]: (root) CMD (/usr/sbin/logrotate -s /var/lib/logrotate/omsagent-status /etc/logrotate.d/omsagent* >/dev/null 2>&1)
Oct 18 01:40:01 linux-example CRON[3481673]: (root) CMD (/usr/sbin/logrotate -s /var/lib/logrotate/omsagent-status /etc/logrotate.d/omsagent* >/dev/null 2>&1)
Oct 18 01:45:01 linux-example CRON[3481950]: (root) CMD (/usr/sbin/logrotate -s /var/lib/logrotate/omsagent-status /etc/logrotate.d/omsagent* >/dev/null 2>&1)
Oct 18 01:45:01 linux-example CRON[3481952]: (root) CMD (/usr/sbin/logrotate /etc/logrotate.d/omi --state /var/opt/omi/log/omi-logrotate.status >/dev/null 2>&1)
Oct 18 01:48:01 linux-example CRON[3482123]: (omsagent) CMD (/opt/omi/bin/OMSConsistencyInvoker >/dev/null 2>&1)
Oct 18 01:49:33 linux-example python3[406733]: 2022-10-18T01:49:33.601150Z INFO ExtHandler ExtHandler [HEARTBEAT] Agent WALinuxAgent-2.8.0.11 is running as the goal state agent [DEBUG HeartbeatCounter: 1315;HeartbeatId: A7B96418-C870-4723-92EB-A32EF3944BA1;DroppedPackets: 0;UpdateGSErrors: 0;AutoUpdate: 1]
Oct 18 01:50:01 linux-example CRON[3482397]: (root) CMD (/usr/sbin/logrotate -s /var/lib/logrotate/omsagent-status /etc/logrotate.d/omsagent* >/dev/null 2>&1)
Oct 18 01:55:01 linux-example CRON[3482676]: (root) CMD (/usr/sbin/logrotate -s /var/lib/logrotate/omsagent-status /etc/logrotate.d/omsagent* >/dev/null 2>&1)
Oct 18 02:00:01 linux-example CRON[3483014]: (root) CMD (/usr/sbin/logrotate -s /var/lib/logrotate/omsagent-status /etc/logrotate.d/omsagent* >/dev/null 2>&1)
Oct 18 02:00:01 linux-example CRON[3483016]: (root) CMD (/usr/sbin/logrotate /etc/logrotate.d/omi --state /var/opt/omi/log/omi-logrotate.status >/dev/null 2>&1)
Oct 18 02:03:01 linux-example CRON[3483192]: (omsagent) CMD (/opt/omi/bin/OMSConsistencyInvoker >/dev/null 2>&1)
Oct 18 02:05:01 linux-example CRON[3483463]: (root) CMD (/usr/sbin/logrotate -s /var/lib/logrotate/omsagent-status /etc/logrotate.d/omsagent* >/dev/null 2>&1)
Oct 18 02:10:01 linux-example CRON[3483741]: (root) CMD (/usr/sbin/logrotate -s /var/lib/logrotate/omsagent-status /etc/logrotate.d/omsagent* >/dev/null 2>&1)
Oct 18 02:15:01 linux-example CRON[3484075]: (root) CMD (/usr/sbin/logrotate /etc/logrotate.d/omi --state /var/opt/omi/log/omi-logrotate.status >/dev/null 2>&1)
Oct 18 02:15:01 linux-example CRON[3484077]: (root) CMD (/usr/sbin/logrotate -s /var/lib/logrotate/omsagent-status /etc/logrotate.d/omsagent* >/dev/null 2>&1)
Oct 18 02:17:01 linux-example CRON[3484192]: (root) CMD (   cd / && run-parts --report /etc/cron.hourly)
Oct 18 02:18:01 linux-example CRON[3484250]: (omsagent) CMD (/opt/omi/bin/OMSConsistencyInvoker >/dev/null 2>&1)
Oct 18 02:19:15 linux-example python3[406733]: 2022-10-18T02:19:15.915338Z INFO ExtHandler ExtHandler No requested version specified, checking for all versions for agent update (family: Prod)
Oct 18 02:19:34 linux-example python3[406733]: 2022-10-18T02:19:34.024026Z INFO ExtHandler ExtHandler [HEARTBEAT] Agent WALinuxAgent-2.8.0.11 is running as the goal state agent [DEBUG HeartbeatCounter: 1316;HeartbeatId: A7B96418-C870-4723-92EB-A32EF3944BA1;DroppedPackets: 0;UpdateGSErrors: 0;AutoUpdate: 1]
Oct 18 02:20:01 linux-example CRON[3484515]: (root) CMD (/usr/sbin/logrotate -s /var/lib/logrotate/omsagent-status /etc/logrotate.d/omsagent* >/dev/null 2>&1)
Oct 18 02:25:01 linux-example CRON[3484790]: (root) CMD (/usr/sbin/logrotate -s /var/lib/logrotate/omsagent-status /etc/logrotate.d/omsagent* >/dev/null 2>&1)
Oct 18 02:27:56 linux-example dbus-daemon[791]: [system] Activating via systemd: service name='org.freedesktop.PackageKit' unit='packagekit.service' requested by ':1.46416' (uid=0 pid=3485224 comm="/usr/bin/gdbus call --system --dest org.freedeskto" label="unconfined")
Oct 18 02:27:56 linux-example systemd[1]: Starting PackageKit Daemon...
Oct 18 02:27:56 linux-example PackageKit: daemon start
Oct 18 02:27:56 linux-example dbus-daemon[791]: [system] Successfully activated service 'org.freedesktop.PackageKit'
Oct 18 02:27:56 linux-example systemd[1]: Started PackageKit Daemon.
Oct 18 02:30:01 linux-example CRON[3485469]: (root) CMD (/usr/sbin/logrotate -s /var/lib/logrotate/omsagent-status /etc/logrotate.d/omsagent* >/dev/null 2>&1)
Oct 18 02:30:01 linux-example CRON[3485470]: (root) CMD (/usr/sbin/logrotate /etc/logrotate.d/omi --state /var/opt/omi/log/omi-logrotate.status >/dev/null 2>&1)
Oct 18 02:33:01 linux-example PackageKit: daemon quit
Oct 18 02:33:01 linux-example systemd[1]: packagekit.service: Succeeded.
Oct 18 02:33:01 linux-example CRON[3485640]: (omsagent) CMD (/opt/omi/bin/OMSConsistencyInvoker >/dev/null 2>&1)
Oct 18 02:35:01 linux-example CRON[3485906]: (root) CMD (/usr/sbin/logrotate -s /var/lib/logrotate/omsagent-status /etc/logrotate.d/omsagent* >/dev/null 2>&1)
Oct 18 02:40:01 linux-example CRON[3486176]: (root) CMD (/usr/sbin/logrotate -s /var/lib/logrotate/omsagent-status /etc/logrotate.d/omsagent* >/dev/null 2>&1)
Oct 18 02:45:01 linux-example CRON[3486449]: (root) CMD (/usr/sbin/logrotate /etc/logrotate.d/omi --state /var/opt/omi/log/omi-logrotate.status >/dev/null 2>&1)
Oct 18 02:45:01 linux-example CRON[3486451]: (root) CMD (/usr/sbin/logrotate -s /var/lib/logrotate/omsagent-status /etc/logrotate.d/omsagent* >/dev/null 2>&1)
Oct 18 02:48:01 linux-example CRON[3486614]: (omsagent) CMD (/opt/omi/bin/OMSConsistencyInvoker >/dev/null 2>&1)
Oct 18 02:49:34 linux-example python3[406733]: 2022-10-18T02:49:34.870874Z INFO ExtHandler ExtHandler [HEARTBEAT] Agent WALinuxAgent-2.8.0.11 is running as the goal state agent [DEBUG HeartbeatCounter: 1317;HeartbeatId: A7B96418-C870-4723-92EB-A32EF3944BA1;DroppedPackets: 0;UpdateGSErrors: 0;AutoUpdate: 1]
Oct 18 02:50:01 linux-example CRON[3486888]: (root) CMD (/usr/sbin/logrotate -s /var/lib/logrotate/omsagent-status /etc/logrotate.d/omsagent* >/dev/null 2>&1)
Oct 18 02:55:01 linux-example CRON[3487184]: (root) CMD (/usr/sbin/logrotate -s /var/lib/logrotate/omsagent-status /etc/logrotate.d/omsagent* >/dev/null 2>&1)
Oct 18 03:00:01 linux-example CRON[3487522]: (root) CMD (/usr/sbin/logrotate -s /var/lib/logrotate/omsagent-status /etc/logrotate.d/omsagent* >/dev/null 2>&1)
Oct 18 03:00:01 linux-example CRON[3487523]: (root) CMD (/usr/sbin/logrotate /etc/logrotate.d/omi --state /var/opt/omi/log/omi-logrotate.status >/dev/null 2>&1)
Oct 18 03:03:01 linux-example CRON[3487689]: (omsagent) CMD (/opt/omi/bin/OMSConsistencyInvoker >/dev/null 2>&1)
Oct 18 03:05:01 linux-example CRON[3487967]: (root) CMD (/usr/sbin/logrotate -s /var/lib/logrotate/omsagent-status /etc/logrotate.d/omsagent* >/dev/null 2>&1)
Oct 18 03:10:01 linux-example CRON[3488241]: (root) CMD (/usr/sbin/logrotate -s /var/lib/logrotate/omsagent-status /etc/logrotate.d/omsagent* >/dev/null 2>&1)
Oct 18 03:10:01 linux-example CRON[3488242]: (root) CMD (test -e /run/systemd/system || SERVICE_MODE=1 /sbin/e2scrub_all -A -r)
Oct 18 03:15:01 linux-example CRON[3488510]: (root) CMD (/usr/sbin/logrotate /etc/logrotate.d/omi --state /var/opt/omi/log/omi-logrotate.status >/dev/null 2>&1)
Oct 18 03:15:01 linux-example CRON[3488511]: (root) CMD (/usr/sbin/logrotate -s /var/lib/logrotate/omsagent-status /etc/logrotate.d/omsagent* >/dev/null 2>&1)
Oct 18 03:17:01 linux-example CRON[3488633]: (root) CMD (   cd / && run-parts --report /etc/cron.hourly)
Oct 18 03:18:01 linux-example CRON[3488690]: (omsagent) CMD (/opt/omi/bin/OMSConsistencyInvoker >/dev/null 2>&1)
Oct 18 03:19:17 linux-example python3[406733]: 2022-10-18T03:19:17.290919Z INFO ExtHandler ExtHandler No requested version specified, checking for all versions for agent update (family: Prod)
Oct 18 03:19:35 linux-example python3[406733]: 2022-10-18T03:19:35.394351Z INFO ExtHandler ExtHandler [HEARTBEAT] Agent WALinuxAgent-2.8.0.11 is running as the goal state agent [DEBUG HeartbeatCounter: 1318;HeartbeatId: A7B96418-C870-4723-92EB-A32EF3944BA1;DroppedPackets: 0;UpdateGSErrors: 0;AutoUpdate: 1]
Oct 18 03:20:01 linux-example CRON[3488955]: (root) CMD (/usr/sbin/logrotate -s /var/lib/logrotate/omsagent-status /etc/logrotate.d/omsagent* >/dev/null 2>&1)
Oct 18 03:25:01 linux-example CRON[3489229]: (root) CMD (/usr/sbin/logrotate -s /var/lib/logrotate/omsagent-status /etc/logrotate.d/omsagent* >/dev/null 2>&1)
Oct 18 03:27:59 linux-example dbus-daemon[791]: [system] Activating via systemd: service name='org.freedesktop.PackageKit' unit='packagekit.service' requested by ':1.46479' (uid=0 pid=3489665 comm="/usr/bin/gdbus call --system --dest org.freedeskto" label="unconfined")
Oct 18 03:27:59 linux-example systemd[1]: Starting PackageKit Daemon...
Oct 18 03:27:59 linux-example PackageKit: daemon start
Oct 18 03:27:59 linux-example dbus-daemon[791]: [system] Successfully activated service 'org.freedesktop.PackageKit'
Oct 18 03:27:59 linux-example systemd[1]: Started PackageKit Daemon.
Oct 18 03:30:01 linux-example CRON[3489921]: (root) CMD (/usr/sbin/logrotate -s /var/lib/logrotate/omsagent-status /etc/logrotate.d/omsagent* >/dev/null 2>&1)
Oct 18 03:30:01 linux-example CRON[3489923]: (root) CMD (/usr/sbin/logrotate /etc/logrotate.d/omi --state /var/opt/omi/log/omi-logrotate.status >/dev/null 2>&1)
Oct 18 03:33:01 linux-example CRON[3490088]: (omsagent) CMD (/opt/omi/bin/OMSConsistencyInvoker >/dev/null 2>&1)
Oct 18 03:33:04 linux-example PackageKit: daemon quit
Oct 18 03:33:04 linux-example systemd[1]: packagekit.service: Succeeded.
Oct 18 03:35:01 linux-example CRON[3490361]: (root) CMD (/usr/sbin/logrotate -s /var/lib/logrotate/omsagent-status /etc/logrotate.d/omsagent* >/dev/null 2>&1)
Oct 18 03:40:01 linux-example CRON[3490633]: (root) CMD (/usr/sbin/logrotate -s /var/lib/logrotate/omsagent-status /etc/logrotate.d/omsagent* >/dev/null 2>&1)
Oct 18 03:45:01 linux-example CRON[3490909]: (root) CMD (/usr/sbin/logrotate -s /var/lib/logrotate/omsagent-status /etc/logrotate.d/omsagent* >/dev/null 2>&1)
Oct 18 03:45:01 linux-example CRON[3490911]: (root) CMD (/usr/sbin/logrotate /etc/logrotate.d/omi --state /var/opt/omi/log/omi-logrotate.status >/dev/null 2>&1)
Oct 18 03:48:01 linux-example CRON[3491077]: (omsagent) CMD (/opt/omi/bin/OMSConsistencyInvoker >/dev/null 2>&1)
Oct 18 03:49:36 linux-example python3[406733]: 2022-10-18T03:49:36.573770Z INFO ExtHandler ExtHandler [HEARTBEAT] Agent WALinuxAgent-2.8.0.11 is running as the goal state agent [DEBUG HeartbeatCounter: 1319;HeartbeatId: A7B96418-C870-4723-92EB-A32EF3944BA1;DroppedPackets: 0;UpdateGSErrors: 0;AutoUpdate: 1]
Oct 18 03:50:01 linux-example CRON[3491348]: (root) CMD (/usr/sbin/logrotate -s /var/lib/logrotate/omsagent-status /etc/logrotate.d/omsagent* >/dev/null 2>&1)
Oct 18 03:55:01 linux-example CRON[3491620]: (root) CMD (/usr/sbin/logrotate -s /var/lib/logrotate/omsagent-status /etc/logrotate.d/omsagent* >/dev/null 2>&1)
Oct 18 04:00:01 linux-example CRON[3491968]: (root) CMD (/usr/sbin/logrotate -s /var/lib/logrotate/omsagent-status /etc/logrotate.d/omsagent* >/dev/null 2>&1)
Oct 18 04:00:01 linux-example CRON[3491969]: (root) CMD (/usr/sbin/logrotate /etc/logrotate.d/omi --state /var/opt/omi/log/omi-logrotate.status >/dev/null 2>&1)
Oct 18 04:00:01 linux-example CRON[3491970]: (root) CMD (/usr/sbin/logrotate /etc/logrotate.d/scxagent --state /var/opt/microsoft/scx/log/scx-logrotate.status >/dev/null 2>&1)
Oct 18 04:03:01 linux-example CRON[3492140]: (omsagent) CMD (/opt/omi/bin/OMSConsistencyInvoker >/dev/null 2>&1)
Oct 18 04:05:01 linux-example CRON[3492416]: (root) CMD (/usr/sbin/logrotate -s /var/lib/logrotate/omsagent-status /etc/logrotate.d/omsagent* >/dev/null 2>&1)
Oct 18 04:10:01 linux-example CRON[3492685]: (root) CMD (/usr/sbin/logrotate -s /var/lib/logrotate/omsagent-status /etc/logrotate.d/omsagent* >/dev/null 2>&1)
Oct 18 04:12:27 linux-example systemd[1]: Starting Ubuntu Advantage Timer for running repeated jobs...
Oct 18 04:12:27 linux-example systemd[1]: ua-timer.service: Succeeded.
Oct 18 04:12:27 linux-example systemd[1]: Finished Ubuntu Advantage Timer for running repeated jobs.
Oct 18 04:15:01 linux-example CRON[3492972]: (root) CMD (/usr/sbin/logrotate -s /var/lib/logrotate/omsagent-status /etc/logrotate.d/omsagent* >/dev/null 2>&1)
Oct 18 04:15:01 linux-example CRON[3492974]: (root) CMD (/usr/sbin/logrotate /etc/logrotate.d/omi --state /var/opt/omi/log/omi-logrotate.status >/dev/null 2>&1)
Oct 18 04:17:01 linux-example CRON[3493096]: (root) CMD (   cd / && run-parts --report /etc/cron.hourly)
Oct 18 04:18:01 linux-example CRON[3493144]: (omsagent) CMD (/opt/omi/bin/OMSConsistencyInvoker >/dev/null 2>&1)
Oct 18 04:19:18 linux-example python3[406733]: 2022-10-18T04:19:18.952014Z INFO ExtHandler ExtHandler No requested version specified, checking for all versions for agent update (family: Prod)
Oct 18 04:19:37 linux-example python3[406733]: 2022-10-18T04:19:37.035574Z INFO ExtHandler ExtHandler [HEARTBEAT] Agent WALinuxAgent-2.8.0.11 is running as the goal state agent [DEBUG HeartbeatCounter: 1320;HeartbeatId: A7B96418-C870-4723-92EB-A32EF3944BA1;DroppedPackets: 0;UpdateGSErrors: 0;AutoUpdate: 1]
Oct 18 04:20:01 linux-example CRON[3493418]: (root) CMD (/usr/sbin/logrotate -s /var/lib/logrotate/omsagent-status /etc/logrotate.d/omsagent* >/dev/null 2>&1)
Oct 18 04:25:01 linux-example CRON[3493696]: (root) CMD (/usr/sbin/logrotate -s /var/lib/logrotate/omsagent-status /etc/logrotate.d/omsagent* >/dev/null 2>&1)
Oct 18 04:28:04 linux-example dbus-daemon[791]: [system] Activating via systemd: service name='org.freedesktop.PackageKit' unit='packagekit.service' requested by ':1.46542' (uid=0 pid=3494136 comm="/usr/bin/gdbus call --system --dest org.freedeskto" label="unconfined")
Oct 18 04:28:04 linux-example systemd[1]: Starting PackageKit Daemon...
Oct 18 04:28:04 linux-example PackageKit: daemon start
Oct 18 04:28:04 linux-example dbus-daemon[791]: [system] Successfully activated service 'org.freedesktop.PackageKit'
Oct 18 04:28:04 linux-example systemd[1]: Started PackageKit Daemon.
Oct 18 04:30:01 linux-example CRON[3494370]: (root) CMD (/usr/sbin/logrotate /etc/logrotate.d/omi --state /var/opt/omi/log/omi-logrotate.status >/dev/null 2>&1)
Oct 18 04:30:01 linux-example CRON[3494371]: (root) CMD (/usr/sbin/logrotate -s /var/lib/logrotate/omsagent-status /etc/logrotate.d/omsagent* >/dev/null 2>&1)
Oct 18 04:33:01 linux-example CRON[3494545]: (omsagent) CMD (/opt/omi/bin/OMSConsistencyInvoker >/dev/null 2>&1)
Oct 18 04:33:09 linux-example PackageKit: daemon quit
Oct 18 04:33:09 linux-example systemd[1]: packagekit.service: Succeeded.
Oct 18 04:35:01 linux-example CRON[3494821]: (root) CMD (/usr/sbin/logrotate -s /var/lib/logrotate/omsagent-status /etc/logrotate.d/omsagent* >/dev/null 2>&1)
Oct 18 04:40:01 linux-example CRON[3495099]: (root) CMD (/usr/sbin/logrotate -s /var/lib/logrotate/omsagent-status /etc/logrotate.d/omsagent* >/dev/null 2>&1)
Oct 18 04:45:01 linux-example CRON[3495382]: (root) CMD (/usr/sbin/logrotate /etc/logrotate.d/omi --state /var/opt/omi/log/omi-logrotate.status >/dev/null 2>&1)
Oct 18 04:45:01 linux-example CRON[3495384]: (root) CMD (/usr/sbin/logrotate -s /var/lib/logrotate/omsagent-status /etc/logrotate.d/omsagent* >/dev/null 2>&1)
Oct 18 04:48:01 linux-example CRON[3495557]: (omsagent) CMD (/opt/omi/bin/OMSConsistencyInvoker >/dev/null 2>&1)
Oct 18 04:49:37 linux-example python3[406733]: 2022-10-18T04:49:37.419222Z INFO ExtHandler ExtHandler [HEARTBEAT] Agent WALinuxAgent-2.8.0.11 is running as the goal state agent [DEBUG HeartbeatCounter: 1321;HeartbeatId: A7B96418-C870-4723-92EB-A32EF3944BA1;DroppedPackets: 0;UpdateGSErrors: 0;AutoUpdate: 1]
Oct 18 04:50:01 linux-example CRON[3495823]: (root) CMD (/usr/sbin/logrotate -s /var/lib/logrotate/omsagent-status /etc/logrotate.d/omsagent* >/dev/null 2>&1)
Oct 18 04:55:01 linux-example CRON[3496109]: (root) CMD (/usr/sbin/logrotate -s /var/lib/logrotate/omsagent-status /etc/logrotate.d/omsagent* >/dev/null 2>&1)
Oct 18 05:00:01 linux-example CRON[3496457]: (root) CMD (/usr/sbin/logrotate /etc/logrotate.d/omi --state /var/opt/omi/log/omi-logrotate.status >/dev/null 2>&1)
Oct 18 05:00:01 linux-example CRON[3496458]: (root) CMD (/usr/sbin/logrotate -s /var/lib/logrotate/omsagent-status /etc/logrotate.d/omsagent* >/dev/null 2>&1)
Oct 18 05:03:01 linux-example CRON[3496621]: (omsagent) CMD (/opt/omi/bin/OMSConsistencyInvoker >/dev/null 2>&1)
Oct 18 05:05:01 linux-example CRON[3496908]: (root) CMD (/usr/sbin/logrotate -s /var/lib/logrotate/omsagent-status /etc/logrotate.d/omsagent* >/dev/null 2>&1)
Oct 18 05:06:51 linux-example snapd[1143394]: storehelpers.go:748: cannot refresh: snap has no updates available: "core20", "lxd", "snapd"
Oct 18 05:06:51 linux-example snapd[1143394]: autorefresh.go:540: auto-refresh: all snaps are up-to-date
Oct 18 05:10:01 linux-example CRON[3497165]: (root) CMD (/usr/sbin/logrotate -s /var/lib/logrotate/omsagent-status /etc/logrotate.d/omsagent* >/dev/null 2>&1)
Oct 18 05:15:01 linux-example CRON[3497444]: (root) CMD (/usr/sbin/logrotate -s /var/lib/logrotate/omsagent-status /etc/logrotate.d/omsagent* >/dev/null 2>&1)
Oct 18 05:15:01 linux-example CRON[3497445]: (root) CMD (/usr/sbin/logrotate /etc/logrotate.d/omi --state /var/opt/omi/log/omi-logrotate.status >/dev/null 2>&1)
Oct 18 05:17:01 linux-example CRON[3497571]: (root) CMD (   cd / && run-parts --report /etc/cron.hourly)
Oct 18 05:18:01 linux-example CRON[3497618]: (omsagent) CMD (/opt/omi/bin/OMSConsistencyInvoker >/dev/null 2>&1)
Oct 18 05:19:19 linux-example python3[406733]: 2022-10-18T05:19:19.760525Z INFO ExtHandler ExtHandler No requested version specified, checking for all versions for agent update (family: Prod)
Oct 18 05:19:37 linux-example python3[406733]: 2022-10-18T05:19:37.863259Z INFO ExtHandler ExtHandler [HEARTBEAT] Agent WALinuxAgent-2.8.0.11 is running as the goal state agent [DEBUG HeartbeatCounter: 1322;HeartbeatId: A7B96418-C870-4723-92EB-A32EF3944BA1;DroppedPackets: 0;UpdateGSErrors: 0;AutoUpdate: 1]
Oct 18 05:20:01 linux-example CRON[3497893]: (root) CMD (/usr/sbin/logrotate -s /var/lib/logrotate/omsagent-status /etc/logrotate.d/omsagent* >/dev/null 2>&1)
Oct 18 05:25:01 linux-example CRON[3498160]: (root) CMD (/usr/sbin/logrotate -s /var/lib/logrotate/omsagent-status /etc/logrotate.d/omsagent* >/dev/null 2>&1)
Oct 18 05:28:07 linux-example dbus-daemon[791]: [system] Activating via systemd: service name='org.freedesktop.PackageKit' unit='packagekit.service' requested by ':1.46605' (uid=0 pid=3498618 comm="/usr/bin/gdbus call --system --dest org.freedeskto" label="unconfined")
Oct 18 05:28:07 linux-example systemd[1]: Starting PackageKit Daemon...
Oct 18 05:28:07 linux-example PackageKit: daemon start
Oct 18 05:28:07 linux-example dbus-daemon[791]: [system] Successfully activated service 'org.freedesktop.PackageKit'
Oct 18 05:28:07 linux-example systemd[1]: Started PackageKit Daemon.
Oct 18 05:30:01 linux-example CRON[3498856]: (root) CMD (/usr/sbin/logrotate /etc/logrotate.d/omi --state /var/opt/omi/log/omi-logrotate.status >/dev/null 2>&1)
Oct 18 05:30:01 linux-example CRON[3498858]: (root) CMD (/usr/sbin/logrotate -s /var/lib/logrotate/omsagent-status /etc/logrotate.d/omsagent* >/dev/null 2>&1)
Oct 18 05:33:01 linux-example CRON[3499024]: (omsagent) CMD (/opt/omi/bin/OMSConsistencyInvoker >/dev/null 2>&1)
Oct 18 05:33:12 linux-example PackageKit: daemon quit
Oct 18 05:33:12 linux-example systemd[1]: packagekit.service: Succeeded.
Oct 18 05:35:01 linux-example CRON[3499304]: (root) CMD (/usr/sbin/logrotate -s /var/lib/logrotate/omsagent-status /etc/logrotate.d/omsagent* >/dev/null 2>&1)
Oct 18 05:40:01 linux-example CRON[3499586]: (root) CMD (/usr/sbin/logrotate -s /var/lib/logrotate/omsagent-status /etc/logrotate.d/omsagent* >/dev/null 2>&1)
Oct 18 05:45:01 linux-example CRON[3499854]: (root) CMD (/usr/sbin/logrotate -s /var/lib/logrotate/omsagent-status /etc/logrotate.d/omsagent* >/dev/null 2>&1)
Oct 18 05:45:01 linux-example CRON[3499855]: (root) CMD (/usr/sbin/logrotate /etc/logrotate.d/omi --state /var/opt/omi/log/omi-logrotate.status >/dev/null 2>&1)
Oct 18 05:48:01 linux-example CRON[3500034]: (omsagent) CMD (/opt/omi/bin/OMSConsistencyInvoker >/dev/null 2>&1)
Oct 18 05:49:38 linux-example python3[406733]: 2022-10-18T05:49:38.544937Z INFO ExtHandler ExtHandler [HEARTBEAT] Agent WALinuxAgent-2.8.0.11 is running as the goal state agent [DEBUG HeartbeatCounter: 1323;HeartbeatId: A7B96418-C870-4723-92EB-A32EF3944BA1;DroppedPackets: 0;UpdateGSErrors: 0;AutoUpdate: 1]
Oct 18 05:50:01 linux-example CRON[3500302]: (root) CMD (/usr/sbin/logrotate -s /var/lib/logrotate/omsagent-status /etc/logrotate.d/omsagent* >/dev/null 2>&1)
Oct 18 05:55:01 linux-example CRON[3500580]: (root) CMD (/usr/sbin/logrotate -s /var/lib/logrotate/omsagent-status /etc/logrotate.d/omsagent* >/dev/null 2>&1)
Oct 18 06:00:01 linux-example CRON[3500930]: (root) CMD (/usr/sbin/logrotate /etc/logrotate.d/omi --state /var/opt/omi/log/omi-logrotate.status >/dev/null 2>&1)
Oct 18 06:00:01 linux-example CRON[3500931]: (root) CMD (/usr/sbin/logrotate -s /var/lib/logrotate/omsagent-status /etc/logrotate.d/omsagent* >/dev/null 2>&1)
Oct 18 06:03:01 linux-example CRON[3501099]: (omsagent) CMD (/opt/omi/bin/OMSConsistencyInvoker >/dev/null 2>&1)
Oct 18 06:05:01 linux-example CRON[3501367]: (root) CMD (/usr/sbin/logrotate -s /var/lib/logrotate/omsagent-status /etc/logrotate.d/omsagent* >/dev/null 2>&1)
Oct 18 06:10:01 linux-example CRON[3501674]: (root) CMD (/usr/sbin/logrotate -s /var/lib/logrotate/omsagent-status /etc/logrotate.d/omsagent* >/dev/null 2>&1)
Oct 18 06:15:01 linux-example CRON[3501953]: (root) CMD (/usr/sbin/logrotate -s /var/lib/logrotate/omsagent-status /etc/logrotate.d/omsagent* >/dev/null 2>&1)
Oct 18 06:15:01 linux-example CRON[3501954]: (root) CMD (/usr/sbin/logrotate /etc/logrotate.d/omi --state /var/opt/omi/log/omi-logrotate.status >/dev/null 2>&1)
Oct 18 06:17:01 linux-example CRON[3502067]: (root) CMD (   cd / && run-parts --report /etc/cron.hourly)
Oct 18 06:18:01 linux-example CRON[3502124]: (omsagent) CMD (/opt/omi/bin/OMSConsistencyInvoker >/dev/null 2>&1)
Oct 18 06:19:21 linux-example python3[406733]: 2022-10-18T06:19:21.189446Z INFO ExtHandler ExtHandler No requested version specified, checking for all versions for agent update (family: Prod)
Oct 18 06:19:39 linux-example python3[406733]: 2022-10-18T06:19:39.300488Z INFO ExtHandler ExtHandler [HEARTBEAT] Agent WALinuxAgent-2.8.0.11 is running as the goal state agent [DEBUG HeartbeatCounter: 1324;HeartbeatId: A7B96418-C870-4723-92EB-A32EF3944BA1;DroppedPackets: 0;UpdateGSErrors: 0;AutoUpdate: 1]
Oct 18 06:20:01 linux-example CRON[3502401]: (root) CMD (/usr/sbin/logrotate -s /var/lib/logrotate/omsagent-status /etc/logrotate.d/omsagent* >/dev/null 2>&1)
Oct 18 06:25:01 linux-example CRON[3502672]: (root) CMD (test -x /usr/sbin/anacron || ( cd / && run-parts --report /etc/cron.daily ))
Oct 18 06:25:01 linux-example CRON[3502675]: (root) CMD (/usr/sbin/logrotate -s /var/lib/logrotate/omsagent-status /etc/logrotate.d/omsagent* >/dev/null 2>&1)
Oct 18 06:28:12 linux-example dbus-daemon[791]: [system] Activating via systemd: service name='org.freedesktop.PackageKit' unit='packagekit.service' requested by ':1.46668' (uid=0 pid=3503192 comm="/usr/bin/gdbus call --system --dest org.freedeskto" label="unconfined")
Oct 18 06:28:12 linux-example systemd[1]: Starting PackageKit Daemon...
Oct 18 06:28:12 linux-example PackageKit: daemon start
Oct 18 06:28:12 linux-example dbus-daemon[791]: [system] Successfully activated service 'org.freedesktop.PackageKit'
Oct 18 06:28:12 linux-example systemd[1]: Started PackageKit Daemon.
Oct 18 06:30:01 linux-example CRON[3503420]: (root) CMD (/usr/sbin/logrotate -s /var/lib/logrotate/omsagent-status /etc/logrotate.d/omsagent* >/dev/null 2>&1)
Oct 18 06:30:01 linux-example CRON[3503422]: (root) CMD (/usr/sbin/logrotate /etc/logrotate.d/omi --state /var/opt/omi/log/omi-logrotate.status >/dev/null 2>&1)
Oct 18 06:33:01 linux-example CRON[3503585]: (omsagent) CMD (/opt/omi/bin/OMSConsistencyInvoker >/dev/null 2>&1)
Oct 18 06:33:17 linux-example PackageKit: daemon quit
Oct 18 06:33:17 linux-example systemd[1]: packagekit.service: Succeeded.
Oct 18 06:35:01 linux-example CRON[3503863]: (root) CMD (/usr/sbin/logrotate -s /var/lib/logrotate/omsagent-status /etc/logrotate.d/omsagent* >/dev/null 2>&1)
Oct 18 06:40:01 linux-example CRON[3504144]: (root) CMD (/usr/sbin/logrotate -s /var/lib/logrotate/omsagent-status /etc/logrotate.d/omsagent* >/dev/null 2>&1)
Oct 18 06:45:01 linux-example CRON[3504418]: (root) CMD (/usr/sbin/logrotate -s /var/lib/logrotate/omsagent-status /etc/logrotate.d/omsagent* >/dev/null 2>&1)
Oct 18 06:45:01 linux-example CRON[3504420]: (root) CMD (/usr/sbin/logrotate /etc/logrotate.d/omi --state /var/opt/omi/log/omi-logrotate.status >/dev/null 2>&1)
Oct 18 06:48:01 linux-example CRON[3504600]: (omsagent) CMD (/opt/omi/bin/OMSConsistencyInvoker >/dev/null 2>&1)
Oct 18 06:49:39 linux-example python3[406733]: 2022-10-18T06:49:39.737585Z INFO ExtHandler ExtHandler [HEARTBEAT] Agent WALinuxAgent-2.8.0.11 is running as the goal state agent [DEBUG HeartbeatCounter: 1325;HeartbeatId: A7B96418-C870-4723-92EB-A32EF3944BA1;DroppedPackets: 0;UpdateGSErrors: 0;AutoUpdate: 1]
Oct 18 06:50:01 linux-example CRON[3504867]: (root) CMD (/usr/sbin/logrotate -s /var/lib/logrotate/omsagent-status /etc/logrotate.d/omsagent* >/dev/null 2>&1)
Oct 18 06:55:01 linux-example CRON[3505146]: (root) CMD (/usr/sbin/logrotate -s /var/lib/logrotate/omsagent-status /etc/logrotate.d/omsagent* >/dev/null 2>&1)
Oct 18 06:59:57 linux-example systemd[1]: Starting Daily apt upgrade and clean activities...
Oct 18 07:00:01 linux-example dbus-daemon[791]: [system] Activating via systemd: service name='org.freedesktop.PackageKit' unit='packagekit.service' requested by ':1.46705' (uid=0 pid=3505583 comm="/usr/bin/gdbus call --system --dest org.freedeskto" label="unconfined")
Oct 18 07:00:01 linux-example systemd[1]: Starting PackageKit Daemon...
Oct 18 07:00:01 linux-example PackageKit: daemon start
Oct 18 07:00:01 linux-example dbus-daemon[791]: [system] Successfully activated service 'org.freedesktop.PackageKit'
Oct 18 07:00:01 linux-example systemd[1]: Started PackageKit Daemon.
Oct 18 07:00:01 linux-example CRON[3505612]: (root) CMD (/usr/sbin/logrotate /etc/logrotate.d/omi --state /var/opt/omi/log/omi-logrotate.status >/dev/null 2>&1)
Oct 18 07:00:01 linux-example CRON[3505613]: (root) CMD (/usr/sbin/logrotate -s /var/lib/logrotate/omsagent-status /etc/logrotate.d/omsagent* >/dev/null 2>&1)
Oct 18 07:00:03 linux-example systemd[1]: apt-daily-upgrade.service: Succeeded.
Oct 18 07:00:03 linux-example systemd[1]: Finished Daily apt upgrade and clean activities.
Oct 18 07:03:01 linux-example CRON[3505842]: (omsagent) CMD (/opt/omi/bin/OMSConsistencyInvoker >/dev/null 2>&1)
Oct 18 07:05:01 linux-example CRON[3506111]: (root) CMD (/usr/sbin/logrotate -s /var/lib/logrotate/omsagent-status /etc/logrotate.d/omsagent* >/dev/null 2>&1)
Oct 18 07:05:06 linux-example PackageKit: daemon quit
Oct 18 07:05:06 linux-example systemd[1]: packagekit.service: Succeeded.
Oct 18 07:10:01 linux-example CRON[3506394]: (root) CMD (/usr/sbin/logrotate -s /var/lib/logrotate/omsagent-status /etc/logrotate.d/omsagent* >/dev/null 2>&1)
Oct 18 07:15:01 linux-example CRON[3506681]: (root) CMD (/usr/sbin/logrotate -s /var/lib/logrotate/omsagent-status /etc/logrotate.d/omsagent* >/dev/null 2>&1)
Oct 18 07:15:01 linux-example CRON[3506683]: (root) CMD (/usr/sbin/logrotate /etc/logrotate.d/omi --state /var/opt/omi/log/omi-logrotate.status >/dev/null 2>&1)
Oct 18 07:17:01 linux-example CRON[3506799]: (root) CMD (   cd / && run-parts --report /etc/cron.hourly)
Oct 18 07:18:01 linux-example CRON[3506858]: (omsagent) CMD (/opt/omi/bin/OMSConsistencyInvoker >/dev/null 2>&1)
Oct 18 07:19:22 linux-example python3[406733]: 2022-10-18T07:19:22.032565Z INFO ExtHandler ExtHandler No requested version specified, checking for all versions for agent update (family: Prod)
Oct 18 07:19:40 linux-example python3[406733]: 2022-10-18T07:19:40.136766Z INFO ExtHandler ExtHandler [HEARTBEAT] Agent WALinuxAgent-2.8.0.11 is running as the goal state agent [DEBUG HeartbeatCounter: 1326;HeartbeatId: A7B96418-C870-4723-92EB-A32EF3944BA1;DroppedPackets: 0;UpdateGSErrors: 0;AutoUpdate: 1]
Oct 18 07:20:01 linux-example CRON[3507125]: (root) CMD (/usr/sbin/logrotate -s /var/lib/logrotate/omsagent-status /etc/logrotate.d/omsagent* >/dev/null 2>&1)
Oct 18 07:25:01 linux-example CRON[3507461]: (root) CMD (/usr/sbin/logrotate -s /var/lib/logrotate/omsagent-status /etc/logrotate.d/omsagent* >/dev/null 2>&1)
Oct 18 07:28:14 linux-example dbus-daemon[791]: [system] Activating via systemd: service name='org.freedesktop.PackageKit' unit='packagekit.service' requested by ':1.46737' (uid=0 pid=3507915 comm="/usr/bin/gdbus call --system --dest org.freedeskto" label="unconfined")
Oct 18 07:28:14 linux-example systemd[1]: Starting PackageKit Daemon...
Oct 18 07:28:14 linux-example PackageKit: daemon start
Oct 18 07:28:14 linux-example dbus-daemon[791]: [system] Successfully activated service 'org.freedesktop.PackageKit'
Oct 18 07:28:14 linux-example systemd[1]: Started PackageKit Daemon.
Oct 18 07:30:01 linux-example CRON[3508154]: (root) CMD (/usr/sbin/logrotate -s /var/lib/logrotate/omsagent-status /etc/logrotate.d/omsagent* >/dev/null 2>&1)
Oct 18 07:30:01 linux-example CRON[3508155]: (root) CMD (/usr/sbin/logrotate /etc/logrotate.d/omi --state /var/opt/omi/log/omi-logrotate.status >/dev/null 2>&1)
Oct 18 07:33:01 linux-example CRON[3508323]: (omsagent) CMD (/opt/omi/bin/OMSConsistencyInvoker >/dev/null 2>&1)
Oct 18 07:33:19 linux-example PackageKit: daemon quit
Oct 18 07:33:19 linux-example systemd[1]: packagekit.service: Succeeded.
Oct 18 07:35:01 linux-example CRON[3508607]: (root) CMD (/usr/sbin/logrotate -s /var/lib/logrotate/omsagent-status /etc/logrotate.d/omsagent* >/dev/null 2>&1)
Oct 18 07:40:01 linux-example CRON[3508889]: (root) CMD (/usr/sbin/logrotate -s /var/lib/logrotate/omsagent-status /etc/logrotate.d/omsagent* >/dev/null 2>&1)
Oct 18 07:45:01 linux-example CRON[3509177]: (root) CMD (/usr/sbin/logrotate /etc/logrotate.d/omi --state /var/opt/omi/log/omi-logrotate.status >/dev/null 2>&1)
Oct 18 07:45:01 linux-example CRON[3509178]: (root) CMD (/usr/sbin/logrotate -s /var/lib/logrotate/omsagent-status /etc/logrotate.d/omsagent* >/dev/null 2>&1)
Oct 18 07:48:01 linux-example CRON[3509352]: (omsagent) CMD (/opt/omi/bin/OMSConsistencyInvoker >/dev/null 2>&1)
Oct 18 07:49:40 linux-example python3[406733]: 2022-10-18T07:49:40.937597Z INFO ExtHandler ExtHandler [HEARTBEAT] Agent WALinuxAgent-2.8.0.11 is running as the goal state agent [DEBUG HeartbeatCounter: 1327;HeartbeatId: A7B96418-C870-4723-92EB-A32EF3944BA1;DroppedPackets: 0;UpdateGSErrors: 0;AutoUpdate: 1]
Oct 18 07:50:01 linux-example CRON[3509632]: (root) CMD (/usr/sbin/logrotate -s /var/lib/logrotate/omsagent-status /etc/logrotate.d/omsagent* >/dev/null 2>&1)
Oct 18 07:55:01 linux-example CRON[3509919]: (root) CMD (/usr/sbin/logrotate -s /var/lib/logrotate/omsagent-status /etc/logrotate.d/omsagent* >/dev/null 2>&1)
Oct 18 08:00:01 linux-example CRON[3510262]: (root) CMD (/usr/sbin/logrotate -s /var/lib/logrotate/omsagent-status /etc/logrotate.d/omsagent* >/dev/null 2>&1)
Oct 18 08:00:01 linux-example CRON[3510263]: (root) CMD (/usr/sbin/logrotate /etc/logrotate.d/omi --state /var/opt/omi/log/omi-logrotate.status >/dev/null 2>&1)
Oct 18 08:00:01 linux-example CRON[3510264]: (root) CMD (/usr/sbin/logrotate /etc/logrotate.d/scxagent --state /var/opt/microsoft/scx/log/scx-logrotate.status >/dev/null 2>&1)
Oct 18 08:03:01 linux-example CRON[3510452]: (omsagent) CMD (/opt/omi/bin/OMSConsistencyInvoker >/dev/null 2>&1)
Oct 18 08:05:01 linux-example CRON[3510721]: (root) CMD (/usr/sbin/logrotate -s /var/lib/logrotate/omsagent-status /etc/logrotate.d/omsagent* >/dev/null 2>&1)
Oct 18 08:10:01 linux-example CRON[3511005]: (root) CMD (/usr/sbin/logrotate -s /var/lib/logrotate/omsagent-status /etc/logrotate.d/omsagent* >/dev/null 2>&1)
Oct 18 08:15:01 linux-example CRON[3511286]: (root) CMD (/usr/sbin/logrotate /etc/logrotate.d/omi --state /var/opt/omi/log/omi-logrotate.status >/dev/null 2>&1)
Oct 18 08:15:01 linux-example CRON[3511287]: (root) CMD (/usr/sbin/logrotate -s /var/lib/logrotate/omsagent-status /etc/logrotate.d/omsagent* >/dev/null 2>&1)
Oct 18 08:17:01 linux-example CRON[3511405]: (root) CMD (   cd / && run-parts --report /etc/cron.hourly)
Oct 18 08:18:01 linux-example CRON[3511463]: (omsagent) CMD (/opt/omi/bin/OMSConsistencyInvoker >/dev/null 2>&1)
Oct 18 08:19:23 linux-example python3[406733]: 2022-10-18T08:19:23.451178Z INFO ExtHandler ExtHandler No requested version specified, checking for all versions for agent update (family: Prod)
Oct 18 08:19:41 linux-example python3[406733]: 2022-10-18T08:19:41.551575Z INFO ExtHandler ExtHandler [HEARTBEAT] Agent WALinuxAgent-2.8.0.11 is running as the goal state agent [DEBUG HeartbeatCounter: 1328;HeartbeatId: A7B96418-C870-4723-92EB-A32EF3944BA1;DroppedPackets: 0;UpdateGSErrors: 0;AutoUpdate: 1]
Oct 18 08:20:01 linux-example CRON[3511730]: (root) CMD (/usr/sbin/logrotate -s /var/lib/logrotate/omsagent-status /etc/logrotate.d/omsagent* >/dev/null 2>&1)
Oct 18 08:25:01 linux-example CRON[3512010]: (root) CMD (/usr/sbin/logrotate -s /var/lib/logrotate/omsagent-status /etc/logrotate.d/omsagent* >/dev/null 2>&1)
Oct 18 08:28:17 linux-example dbus-daemon[791]: [system] Activating via systemd: service name='org.freedesktop.PackageKit' unit='packagekit.service' requested by ':1.46800' (uid=0 pid=3512457 comm="/usr/bin/gdbus call --system --dest org.freedeskto" label="unconfined")
Oct 18 08:28:17 linux-example systemd[1]: Starting PackageKit Daemon...
Oct 18 08:28:17 linux-example PackageKit: daemon start
Oct 18 08:28:17 linux-example dbus-daemon[791]: [system] Successfully activated service 'org.freedesktop.PackageKit'
Oct 18 08:28:17 linux-example systemd[1]: Started PackageKit Daemon.
Oct 18 08:30:01 linux-example CRON[3512693]: (root) CMD (/usr/sbin/logrotate /etc/logrotate.d/omi --state /var/opt/omi/log/omi-logrotate.status >/dev/null 2>&1)
Oct 18 08:30:01 linux-example CRON[3512695]: (root) CMD (/usr/sbin/logrotate -s /var/lib/logrotate/omsagent-status /etc/logrotate.d/omsagent* >/dev/null 2>&1)
Oct 18 08:33:01 linux-example CRON[3512859]: (omsagent) CMD (/opt/omi/bin/OMSConsistencyInvoker >/dev/null 2>&1)
Oct 18 08:33:22 linux-example PackageKit: daemon quit
Oct 18 08:33:22 linux-example systemd[1]: packagekit.service: Succeeded.
Oct 18 08:35:01 linux-example CRON[3513129]: (root) CMD (/usr/sbin/logrotate -s /var/lib/logrotate/omsagent-status /etc/logrotate.d/omsagent* >/dev/null 2>&1)
Oct 18 08:40:01 linux-example CRON[3513412]: (root) CMD (/usr/sbin/logrotate -s /var/lib/logrotate/omsagent-status /etc/logrotate.d/omsagent* >/dev/null 2>&1)
Oct 18 08:45:01 linux-example CRON[3513691]: (root) CMD (/usr/sbin/logrotate -s /var/lib/logrotate/omsagent-status /etc/logrotate.d/omsagent* >/dev/null 2>&1)
Oct 18 08:45:01 linux-example CRON[3513692]: (root) CMD (/usr/sbin/logrotate /etc/logrotate.d/omi --state /var/opt/omi/log/omi-logrotate.status >/dev/null 2>&1)
Oct 18 08:48:01 linux-example CRON[3513863]: (omsagent) CMD (/opt/omi/bin/OMSConsistencyInvoker >/dev/null 2>&1)
Oct 18 08:49:42 linux-example python3[406733]: 2022-10-18T08:49:42.927371Z INFO ExtHandler ExtHandler [HEARTBEAT] Agent WALinuxAgent-2.8.0.11 is running as the goal state agent [DEBUG HeartbeatCounter: 1329;HeartbeatId: A7B96418-C870-4723-92EB-A32EF3944BA1;DroppedPackets: 0;UpdateGSErrors: 0;AutoUpdate: 1]
Oct 18 08:50:01 linux-example CRON[3514138]: (root) CMD (/usr/sbin/logrotate -s /var/lib/logrotate/omsagent-status /etc/logrotate.d/omsagent* >/dev/null 2>&1)
Oct 18 08:55:01 linux-example CRON[3514409]: (root) CMD (/usr/sbin/logrotate -s /var/lib/logrotate/omsagent-status /etc/logrotate.d/omsagent* >/dev/null 2>&1)
Oct 18 09:00:01 linux-example CRON[3514759]: (root) CMD (/usr/sbin/logrotate /etc/logrotate.d/omi --state /var/opt/omi/log/omi-logrotate.status >/dev/null 2>&1)
Oct 18 09:00:01 linux-example CRON[3514761]: (root) CMD (/usr/sbin/logrotate -s /var/lib/logrotate/omsagent-status /etc/logrotate.d/omsagent* >/dev/null 2>&1)
Oct 18 09:03:01 linux-example CRON[3514930]: (omsagent) CMD (/opt/omi/bin/OMSConsistencyInvoker >/dev/null 2>&1)
Oct 18 09:05:01 linux-example CRON[3515207]: (root) CMD (/usr/sbin/logrotate -s /var/lib/logrotate/omsagent-status /etc/logrotate.d/omsagent* >/dev/null 2>&1)
Oct 18 09:10:02 linux-example CRON[3515480]: (root) CMD (/usr/sbin/logrotate -s /var/lib/logrotate/omsagent-status /etc/logrotate.d/omsagent* >/dev/null 2>&1)
Oct 18 09:15:01 linux-example CRON[3515744]: (root) CMD (/usr/sbin/logrotate -s /var/lib/logrotate/omsagent-status /etc/logrotate.d/omsagent* >/dev/null 2>&1)
Oct 18 09:15:01 linux-example CRON[3515745]: (root) CMD (/usr/sbin/logrotate /etc/logrotate.d/omi --state /var/opt/omi/log/omi-logrotate.status >/dev/null 2>&1)
Oct 18 09:17:01 linux-example CRON[3515868]: (root) CMD (   cd / && run-parts --report /etc/cron.hourly)
Oct 18 09:18:01 linux-example CRON[3515926]: (omsagent) CMD (/opt/omi/bin/OMSConsistencyInvoker >/dev/null 2>&1)
Oct 18 09:19:25 linux-example python3[406733]: 2022-10-18T09:19:25.313091Z INFO ExtHandler ExtHandler No requested version specified, checking for all versions for agent update (family: Prod)
Oct 18 09:19:43 linux-example python3[406733]: 2022-10-18T09:19:43.418634Z INFO ExtHandler ExtHandler [HEARTBEAT] Agent WALinuxAgent-2.8.0.11 is running as the goal state agent [DEBUG HeartbeatCounter: 1330;HeartbeatId: A7B96418-C870-4723-92EB-A32EF3944BA1;DroppedPackets: 0;UpdateGSErrors: 0;AutoUpdate: 1]
Oct 18 09:20:01 linux-example CRON[3516191]: (root) CMD (/usr/sbin/logrotate -s /var/lib/logrotate/omsagent-status /etc/logrotate.d/omsagent* >/dev/null 2>&1)
Oct 18 09:25:01 linux-example CRON[3516465]: (root) CMD (/usr/sbin/logrotate -s /var/lib/logrotate/omsagent-status /etc/logrotate.d/omsagent* >/dev/null 2>&1)
Oct 18 09:26:51 linux-example snapd[1143394]: storehelpers.go:748: cannot refresh: snap has no updates available: "core20", "lxd", "snapd"
Oct 18 09:26:51 linux-example snapd[1143394]: autorefresh.go:540: auto-refresh: all snaps are up-to-date
Oct 18 09:28:20 linux-example dbus-daemon[791]: [system] Activating via systemd: service name='org.freedesktop.PackageKit' unit='packagekit.service' requested by ':1.46863' (uid=0 pid=3516911 comm="/usr/bin/gdbus call --system --dest org.freedeskto" label="unconfined")
Oct 18 09:28:20 linux-example systemd[1]: Starting PackageKit Daemon...
Oct 18 09:28:20 linux-example PackageKit: daemon start
Oct 18 09:28:20 linux-example dbus-daemon[791]: [system] Successfully activated service 'org.freedesktop.PackageKit'
Oct 18 09:28:20 linux-example systemd[1]: Started PackageKit Daemon.
Oct 18 09:30:01 linux-example CRON[3517147]: (root) CMD (/usr/sbin/logrotate -s /var/lib/logrotate/omsagent-status /etc/logrotate.d/omsagent* >/dev/null 2>&1)
Oct 18 09:30:01 linux-example CRON[3517148]: (root) CMD (/usr/sbin/logrotate /etc/logrotate.d/omi --state /var/opt/omi/log/omi-logrotate.status >/dev/null 2>&1)
Oct 18 09:33:01 linux-example CRON[3517313]: (omsagent) CMD (/opt/omi/bin/OMSConsistencyInvoker >/dev/null 2>&1)
Oct 18 09:33:25 linux-example PackageKit: daemon quit
Oct 18 09:33:25 linux-example systemd[1]: packagekit.service: Succeeded.
Oct 18 09:35:01 linux-example CRON[3517584]: (root) CMD (/usr/sbin/logrotate -s /var/lib/logrotate/omsagent-status /etc/logrotate.d/omsagent* >/dev/null 2>&1)
Oct 18 09:40:01 linux-example CRON[3517866]: (root) CMD (/usr/sbin/logrotate -s /var/lib/logrotate/omsagent-status /etc/logrotate.d/omsagent* >/dev/null 2>&1)
Oct 18 09:45:01 linux-example CRON[3518148]: (root) CMD (/usr/sbin/logrotate -s /var/lib/logrotate/omsagent-status /etc/logrotate.d/omsagent* >/dev/null 2>&1)
Oct 18 09:45:01 linux-example CRON[3518150]: (root) CMD (/usr/sbin/logrotate /etc/logrotate.d/omi --state /var/opt/omi/log/omi-logrotate.status >/dev/null 2>&1)
Oct 18 09:48:01 linux-example CRON[3518316]: (omsagent) CMD (/opt/omi/bin/OMSConsistencyInvoker >/dev/null 2>&1)
Oct 18 09:49:43 linux-example python3[406733]: 2022-10-18T09:49:43.814606Z INFO ExtHandler ExtHandler [HEARTBEAT] Agent WALinuxAgent-2.8.0.11 is running as the goal state agent [DEBUG HeartbeatCounter: 1331;HeartbeatId: A7B96418-C870-4723-92EB-A32EF3944BA1;DroppedPackets: 0;UpdateGSErrors: 0;AutoUpdate: 1]
Oct 18 09:50:01 linux-example CRON[3518588]: (root) CMD (/usr/sbin/logrotate -s /var/lib/logrotate/omsagent-status /etc/logrotate.d/omsagent* >/dev/null 2>&1)
Oct 18 09:55:01 linux-example CRON[3518861]: (root) CMD (/usr/sbin/logrotate -s /var/lib/logrotate/omsagent-status /etc/logrotate.d/omsagent* >/dev/null 2>&1)
Oct 18 10:00:01 linux-example CRON[3519204]: (root) CMD (/usr/sbin/logrotate -s /var/lib/logrotate/omsagent-status /etc/logrotate.d/omsagent* >/dev/null 2>&1)
Oct 18 10:00:01 linux-example CRON[3519205]: (root) CMD (/usr/sbin/logrotate /etc/logrotate.d/omi --state /var/opt/omi/log/omi-logrotate.status >/dev/null 2>&1)
Oct 18 10:03:01 linux-example CRON[3519375]: (omsagent) CMD (/opt/omi/bin/OMSConsistencyInvoker >/dev/null 2>&1)
Oct 18 10:05:01 linux-example CRON[3519652]: (root) CMD (/usr/sbin/logrotate -s /var/lib/logrotate/omsagent-status /etc/logrotate.d/omsagent* >/dev/null 2>&1)
Oct 18 10:10:01 linux-example CRON[3519923]: (root) CMD (/usr/sbin/logrotate -s /var/lib/logrotate/omsagent-status /etc/logrotate.d/omsagent* >/dev/null 2>&1)
Oct 18 10:15:01 linux-example CRON[3520203]: (root) CMD (/usr/sbin/logrotate /etc/logrotate.d/omi --state /var/opt/omi/log/omi-logrotate.status >/dev/null 2>&1)
Oct 18 10:15:01 linux-example CRON[3520205]: (root) CMD (/usr/sbin/logrotate -s /var/lib/logrotate/omsagent-status /etc/logrotate.d/omsagent* >/dev/null 2>&1)
Oct 18 10:17:01 linux-example CRON[3520331]: (root) CMD (   cd / && run-parts --report /etc/cron.hourly)
Oct 18 10:18:01 linux-example CRON[3520381]: (omsagent) CMD (/opt/omi/bin/OMSConsistencyInvoker >/dev/null 2>&1)
Oct 18 10:19:26 linux-example python3[406733]: 2022-10-18T10:19:26.251119Z INFO ExtHandler ExtHandler No requested version specified, checking for all versions for agent update (family: Prod)
Oct 18 10:19:44 linux-example python3[406733]: 2022-10-18T10:19:44.796902Z INFO ExtHandler ExtHandler [HEARTBEAT] Agent WALinuxAgent-2.8.0.11 is running as the goal state agent [DEBUG HeartbeatCounter: 1332;HeartbeatId: A7B96418-C870-4723-92EB-A32EF3944BA1;DroppedPackets: 0;UpdateGSErrors: 0;AutoUpdate: 1]
Oct 18 10:20:01 linux-example CRON[3520658]: (root) CMD (/usr/sbin/logrotate -s /var/lib/logrotate/omsagent-status /etc/logrotate.d/omsagent* >/dev/null 2>&1)
Oct 18 10:25:01 linux-example CRON[3520943]: (root) CMD (/usr/sbin/logrotate -s /var/lib/logrotate/omsagent-status /etc/logrotate.d/omsagent* >/dev/null 2>&1)
Oct 18 10:28:23 linux-example dbus-daemon[791]: [system] Activating via systemd: service name='org.freedesktop.PackageKit' unit='packagekit.service' requested by ':1.46926' (uid=0 pid=3521398 comm="/usr/bin/gdbus call --system --dest org.freedeskto" label="unconfined")
Oct 18 10:28:23 linux-example systemd[1]: Starting PackageKit Daemon...
Oct 18 10:28:23 linux-example PackageKit: daemon start
Oct 18 10:28:23 linux-example dbus-daemon[791]: [system] Successfully activated service 'org.freedesktop.PackageKit'
Oct 18 10:28:23 linux-example systemd[1]: Started PackageKit Daemon.
Oct 18 10:30:01 linux-example CRON[3521636]: (root) CMD (/usr/sbin/logrotate -s /var/lib/logrotate/omsagent-status /etc/logrotate.d/omsagent* >/dev/null 2>&1)
Oct 18 10:30:01 linux-example CRON[3521638]: (root) CMD (/usr/sbin/logrotate /etc/logrotate.d/omi --state /var/opt/omi/log/omi-logrotate.status >/dev/null 2>&1)
Oct 18 10:33:01 linux-example CRON[3521805]: (omsagent) CMD (/opt/omi/bin/OMSConsistencyInvoker >/dev/null 2>&1)
Oct 18 10:33:28 linux-example PackageKit: daemon quit
Oct 18 10:33:28 linux-example systemd[1]: packagekit.service: Succeeded.
Oct 18 10:35:01 linux-example CRON[3522079]: (root) CMD (/usr/sbin/logrotate -s /var/lib/logrotate/omsagent-status /etc/logrotate.d/omsagent* >/dev/null 2>&1)
Oct 18 10:40:01 linux-example CRON[3522362]: (root) CMD (/usr/sbin/logrotate -s /var/lib/logrotate/omsagent-status /etc/logrotate.d/omsagent* >/dev/null 2>&1)
Oct 18 10:45:01 linux-example CRON[3522650]: (root) CMD (/usr/sbin/logrotate -s /var/lib/logrotate/omsagent-status /etc/logrotate.d/omsagent* >/dev/null 2>&1)
Oct 18 10:45:01 linux-example CRON[3522651]: (root) CMD (/usr/sbin/logrotate /etc/logrotate.d/omi --state /var/opt/omi/log/omi-logrotate.status >/dev/null 2>&1)
Oct 18 10:48:01 linux-example CRON[3522824]: (omsagent) CMD (/opt/omi/bin/OMSConsistencyInvoker >/dev/null 2>&1)
Oct 18 10:49:21 linux-example systemd[1]: Starting Ubuntu Advantage Timer for running repeated jobs...
Oct 18 10:49:21 linux-example systemd[1]: ua-timer.service: Succeeded.
Oct 18 10:49:21 linux-example systemd[1]: Finished Ubuntu Advantage Timer for running repeated jobs.
Oct 18 10:49:45 linux-example python3[406733]: 2022-10-18T10:49:45.210249Z INFO ExtHandler ExtHandler [HEARTBEAT] Agent WALinuxAgent-2.8.0.11 is running as the goal state agent [DEBUG HeartbeatCounter: 1333;HeartbeatId: A7B96418-C870-4723-92EB-A32EF3944BA1;DroppedPackets: 0;UpdateGSErrors: 0;AutoUpdate: 1]
Oct 18 10:50:01 linux-example CRON[3523107]: (root) CMD (/usr/sbin/logrotate -s /var/lib/logrotate/omsagent-status /etc/logrotate.d/omsagent* >/dev/null 2>&1)
Oct 18 10:55:01 linux-example CRON[3523380]: (root) CMD (/usr/sbin/logrotate -s /var/lib/logrotate/omsagent-status /etc/logrotate.d/omsagent* >/dev/null 2>&1)
Oct 18 11:00:01 linux-example CRON[3523727]: (root) CMD (/usr/sbin/logrotate /etc/logrotate.d/omi --state /var/opt/omi/log/omi-logrotate.status >/dev/null 2>&1)
Oct 18 11:00:01 linux-example CRON[3523729]: (root) CMD (/usr/sbin/logrotate -s /var/lib/logrotate/omsagent-status /etc/logrotate.d/omsagent* >/dev/null 2>&1)
Oct 18 11:03:01 linux-example CRON[3523900]: (omsagent) CMD (/opt/omi/bin/OMSConsistencyInvoker >/dev/null 2>&1)
Oct 18 11:05:01 linux-example CRON[3524177]: (root) CMD (/usr/sbin/logrotate -s /var/lib/logrotate/omsagent-status /etc/logrotate.d/omsagent* >/dev/null 2>&1)
Oct 18 11:10:01 linux-example CRON[3524452]: (root) CMD (/usr/sbin/logrotate -s /var/lib/logrotate/omsagent-status /etc/logrotate.d/omsagent* >/dev/null 2>&1)
Oct 18 11:15:01 linux-example CRON[3524727]: (root) CMD (/usr/sbin/logrotate /etc/logrotate.d/omi --state /var/opt/omi/log/omi-logrotate.status >/dev/null 2>&1)
Oct 18 11:15:01 linux-example CRON[3524729]: (root) CMD (/usr/sbin/logrotate -s /var/lib/logrotate/omsagent-status /etc/logrotate.d/omsagent* >/dev/null 2>&1)
Oct 18 11:17:01 linux-example CRON[3524851]: (root) CMD (   cd / && run-parts --report /etc/cron.hourly)
Oct 18 11:18:01 linux-example CRON[3524908]: (omsagent) CMD (/opt/omi/bin/OMSConsistencyInvoker >/dev/null 2>&1)
Oct 18 11:19:27 linux-example python3[406733]: 2022-10-18T11:19:27.764267Z INFO ExtHandler ExtHandler No requested version specified, checking for all versions for agent update (family: Prod)
Oct 18 11:19:45 linux-example python3[406733]: 2022-10-18T11:19:45.874473Z INFO ExtHandler ExtHandler [HEARTBEAT] Agent WALinuxAgent-2.8.0.11 is running as the goal state agent [DEBUG HeartbeatCounter: 1334;HeartbeatId: A7B96418-C870-4723-92EB-A32EF3944BA1;DroppedPackets: 0;UpdateGSErrors: 0;AutoUpdate: 1]
Oct 18 11:20:01 linux-example CRON[3525174]: (root) CMD (/usr/sbin/logrotate -s /var/lib/logrotate/omsagent-status /etc/logrotate.d/omsagent* >/dev/null 2>&1)
Oct 18 11:25:01 linux-example CRON[3525453]: (root) CMD (/usr/sbin/logrotate -s /var/lib/logrotate/omsagent-status /etc/logrotate.d/omsagent* >/dev/null 2>&1)
Oct 18 11:28:28 linux-example dbus-daemon[791]: [system] Activating via systemd: service name='org.freedesktop.PackageKit' unit='packagekit.service' requested by ':1.46989' (uid=0 pid=3525909 comm="/usr/bin/gdbus call --system --dest org.freedeskto" label="unconfined")
Oct 18 11:28:28 linux-example systemd[1]: Starting PackageKit Daemon...
Oct 18 11:28:28 linux-example PackageKit: daemon start
Oct 18 11:28:28 linux-example dbus-daemon[791]: [system] Successfully activated service 'org.freedesktop.PackageKit'
Oct 18 11:28:28 linux-example systemd[1]: Started PackageKit Daemon.
Oct 18 11:30:01 linux-example CRON[3526135]: (root) CMD (/usr/sbin/logrotate /etc/logrotate.d/omi --state /var/opt/omi/log/omi-logrotate.status >/dev/null 2>&1)
Oct 18 11:30:01 linux-example CRON[3526136]: (root) CMD (/usr/sbin/logrotate -s /var/lib/logrotate/omsagent-status /etc/logrotate.d/omsagent* >/dev/null 2>&1)
Oct 18 11:33:01 linux-example CRON[3526299]: (omsagent) CMD (/opt/omi/bin/OMSConsistencyInvoker >/dev/null 2>&1)
Oct 18 11:33:33 linux-example PackageKit: daemon quit
Oct 18 11:33:33 linux-example systemd[1]: packagekit.service: Succeeded.
Oct 18 11:35:01 linux-example CRON[3526567]: (root) CMD (/usr/sbin/logrotate -s /var/lib/logrotate/omsagent-status /etc/logrotate.d/omsagent* >/dev/null 2>&1)
Oct 18 11:40:01 linux-example CRON[3526845]: (root) CMD (/usr/sbin/logrotate -s /var/lib/logrotate/omsagent-status /etc/logrotate.d/omsagent* >/dev/null 2>&1)
Oct 18 11:45:01 linux-example CRON[3527133]: (root) CMD (/usr/sbin/logrotate -s /var/lib/logrotate/omsagent-status /etc/logrotate.d/omsagent* >/dev/null 2>&1)
Oct 18 11:45:01 linux-example CRON[3527134]: (root) CMD (/usr/sbin/logrotate /etc/logrotate.d/omi --state /var/opt/omi/log/omi-logrotate.status >/dev/null 2>&1)
Oct 18 11:48:01 linux-example CRON[3527308]: (omsagent) CMD (/opt/omi/bin/OMSConsistencyInvoker >/dev/null 2>&1)
Oct 18 11:49:46 linux-example python3[406733]: 2022-10-18T11:49:46.656505Z INFO ExtHandler ExtHandler [HEARTBEAT] Agent WALinuxAgent-2.8.0.11 is running as the goal state agent [DEBUG HeartbeatCounter: 1335;HeartbeatId: A7B96418-C870-4723-92EB-A32EF3944BA1;DroppedPackets: 0;UpdateGSErrors: 0;AutoUpdate: 1]
Oct 18 11:50:01 linux-example CRON[3527571]: (root) CMD (/usr/sbin/logrotate -s /var/lib/logrotate/omsagent-status /etc/logrotate.d/omsagent* >/dev/null 2>&1)
Oct 18 11:55:01 linux-example CRON[3527842]: (root) CMD (/usr/sbin/logrotate -s /var/lib/logrotate/omsagent-status /etc/logrotate.d/omsagent* >/dev/null 2>&1)
Oct 18 12:00:01 linux-example CRON[3528182]: (root) CMD (/usr/sbin/logrotate -s /var/lib/logrotate/omsagent-status /etc/logrotate.d/omsagent* >/dev/null 2>&1)
Oct 18 12:00:01 linux-example CRON[3528184]: (root) CMD (/usr/sbin/logrotate /etc/logrotate.d/scxagent --state /var/opt/microsoft/scx/log/scx-logrotate.status >/dev/null 2>&1)
Oct 18 12:00:01 linux-example CRON[3528185]: (root) CMD (/usr/sbin/logrotate /etc/logrotate.d/omi --state /var/opt/omi/log/omi-logrotate.status >/dev/null 2>&1)
Oct 18 12:03:01 linux-example CRON[3528352]: (omsagent) CMD (/opt/omi/bin/OMSConsistencyInvoker >/dev/null 2>&1)
Oct 18 12:05:01 linux-example CRON[3528627]: (root) CMD (/usr/sbin/logrotate -s /var/lib/logrotate/omsagent-status /etc/logrotate.d/omsagent* >/dev/null 2>&1)
Oct 18 12:10:01 linux-example CRON[3528890]: (root) CMD (/usr/sbin/logrotate -s /var/lib/logrotate/omsagent-status /etc/logrotate.d/omsagent* >/dev/null 2>&1)
Oct 18 12:15:01 linux-example CRON[3529167]: (root) CMD (/usr/sbin/logrotate -s /var/lib/logrotate/omsagent-status /etc/logrotate.d/omsagent* >/dev/null 2>&1)
Oct 18 12:15:01 linux-example CRON[3529168]: (root) CMD (/usr/sbin/logrotate /etc/logrotate.d/omi --state /var/opt/omi/log/omi-logrotate.status >/dev/null 2>&1)
Oct 18 12:17:01 linux-example CRON[3529293]: (root) CMD (   cd / && run-parts --report /etc/cron.hourly)
Oct 18 12:18:01 linux-example CRON[3529342]: (omsagent) CMD (/opt/omi/bin/OMSConsistencyInvoker >/dev/null 2>&1)
Oct 18 12:19:29 linux-example python3[406733]: 2022-10-18T12:19:29.974696Z INFO ExtHandler ExtHandler No requested version specified, checking for all versions for agent update (family: Prod)
Oct 18 12:19:48 linux-example python3[406733]: 2022-10-18T12:19:48.090980Z INFO ExtHandler ExtHandler [HEARTBEAT] Agent WALinuxAgent-2.8.0.11 is running as the goal state agent [DEBUG HeartbeatCounter: 1336;HeartbeatId: A7B96418-C870-4723-92EB-A32EF3944BA1;DroppedPackets: 0;UpdateGSErrors: 0;AutoUpdate: 1]
Oct 18 12:20:01 linux-example CRON[3529615]: (root) CMD (/usr/sbin/logrotate -s /var/lib/logrotate/omsagent-status /etc/logrotate.d/omsagent* >/dev/null 2>&1)
Oct 18 12:25:01 linux-example CRON[3529893]: (root) CMD (/usr/sbin/logrotate -s /var/lib/logrotate/omsagent-status /etc/logrotate.d/omsagent* >/dev/null 2>&1)
Oct 18 12:27:21 linux-example python3[406733]: 2022-10-18T12:27:21.323747Z ERROR ExtHandler ExtHandler Error fetching the goal state: [ProtocolError] Error fetching goal state: [ResourceGoneError] [HTTP Failed] [410: Gone] b'<?xml version="1.0" encoding="utf-8"?>\n<Error xmlns:xsi="http://www.w3.org/2001/XMLSchema-instance" xmlns:xsd="http://www.w3.org/2001/XMLSchema">\n    <Code>ResourceNotAvailable</Code>\n    <Message>The resource requested is no longer available. Please refresh your cache.</Message>\n    <Details></Details>\n</Error>'
Oct 18 12:27:21 linux-example python3[406733]: Traceback (most recent call last):
Oct 18 12:27:21 linux-example python3[406733]:   File "bin/WALinuxAgent-2.8.0.11-py2.7.egg/azurelinuxagent/common/protocol/wire.py", line 776, in update_goal_state
Oct 18 12:27:21 linux-example python3[406733]:     self._goal_state.update(silent=silent)
Oct 18 12:27:21 linux-example python3[406733]:   File "bin/WALinuxAgent-2.8.0.11-py2.7.egg/azurelinuxagent/common/protocol/goal_state.py", line 147, in update
Oct 18 12:27:21 linux-example python3[406733]:     self._update(force_update=False)
Oct 18 12:27:21 linux-example python3[406733]:   File "bin/WALinuxAgent-2.8.0.11-py2.7.egg/azurelinuxagent/common/protocol/goal_state.py", line 162, in _update
Oct 18 12:27:21 linux-example python3[406733]:     incarnation, xml_text, xml_doc = GoalState._fetch_goal_state(self._wire_client)
Oct 18 12:27:21 linux-example python3[406733]:   File "bin/WALinuxAgent-2.8.0.11-py2.7.egg/azurelinuxagent/common/protocol/goal_state.py", line 263, in _fetch_goal_state
Oct 18 12:27:21 linux-example python3[406733]:     xml_text = wire_client.fetch_config(uri, wire_client.get_header())
Oct 18 12:27:21 linux-example python3[406733]:   File "bin/WALinuxAgent-2.8.0.11-py2.7.egg/azurelinuxagent/common/protocol/wire.py", line 605, in fetch_config
Oct 18 12:27:21 linux-example python3[406733]:     resp = self.call_wireserver(restutil.http_get,
Oct 18 12:27:21 linux-example python3[406733]:   File "bin/WALinuxAgent-2.8.0.11-py2.7.egg/azurelinuxagent/common/protocol/wire.py", line 579, in call_wireserver
Oct 18 12:27:21 linux-example python3[406733]:     resp = http_req(*args, **kwargs)
Oct 18 12:27:21 linux-example python3[406733]:   File "bin/WALinuxAgent-2.8.0.11-py2.7.egg/azurelinuxagent/common/utils/restutil.py", line 525, in http_get
Oct 18 12:27:21 linux-example python3[406733]:     return http_request("GET",
Oct 18 12:27:21 linux-example python3[406733]:   File "bin/WALinuxAgent-2.8.0.11-py2.7.egg/azurelinuxagent/common/utils/restutil.py", line 476, in http_request
Oct 18 12:27:21 linux-example python3[406733]:     raise ResourceGoneError(response_error)
Oct 18 12:27:21 linux-example python3[406733]: azurelinuxagent.common.exception.ResourceGoneError: [ResourceGoneError] [HTTP Failed] [410: Gone] b'<?xml version="1.0" encoding="utf-8"?>\n<Error xmlns:xsi="http://www.w3.org/2001/XMLSchema-instance" xmlns:xsd="http://www.w3.org/2001/XMLSchema">\n    <Code>ResourceNotAvailable</Code>\n    <Message>The resource requested is no longer available. Please refresh your cache.</Message>\n    <Details></Details>\n</Error>'
Oct 18 12:27:21 linux-example python3[406733]: During handling of the above exception, another exception occurred:
Oct 18 12:27:21 linux-example python3[406733]: Traceback (most recent call last):
Oct 18 12:27:21 linux-example python3[406733]:   File "bin/WALinuxAgent-2.8.0.11-py2.7.egg/azurelinuxagent/ga/update.py", line 486, in _try_update_goal_state
Oct 18 12:27:21 linux-example python3[406733]:     protocol.update_goal_state(silent=self._update_goal_state_error_count >= max_errors_to_log)
Oct 18 12:27:21 linux-example python3[406733]:   File "bin/WALinuxAgent-2.8.0.11-py2.7.egg/azurelinuxagent/common/protocol/wire.py", line 87, in update_goal_state
Oct 18 12:27:21 linux-example python3[406733]:     self.client.update_goal_state(silent=silent)
Oct 18 12:27:21 linux-example python3[406733]:   File "bin/WALinuxAgent-2.8.0.11-py2.7.egg/azurelinuxagent/common/protocol/wire.py", line 781, in update_goal_state
Oct 18 12:27:21 linux-example python3[406733]:     raise ProtocolError("Error fetching goal state: {0}".format(ustr(exception)))
Oct 18 12:27:21 linux-example python3[406733]: azurelinuxagent.common.exception.ProtocolError: [ProtocolError] Error fetching goal state: [ResourceGoneError] [HTTP Failed] [410: Gone] b'<?xml version="1.0" encoding="utf-8"?>\n<Error xmlns:xsi="http://www.w3.org/2001/XMLSchema-instance" xmlns:xsd="http://www.w3.org/2001/XMLSchema">\n    <Code>ResourceNotAvailable</Code>\n    <Message>The resource requested is no longer available. Please refresh your cache.</Message>\n    <Details></Details>\n</Error>'
Oct 18 12:27:27 linux-example python3[406733]: 2022-10-18T12:27:27.346928Z ERROR ExtHandler ExtHandler Error fetching the goal state: [ProtocolError] Error fetching goal state: [ResourceGoneError] [HTTP Failed] [410: Gone] b'<?xml version="1.0" encoding="utf-8"?>\n<Error xmlns:xsi="http://www.w3.org/2001/XMLSchema-instance" xmlns:xsd="http://www.w3.org/2001/XMLSchema">\n    <Code>ResourceNotAvailable</Code>\n    <Message>The resource requested is no longer available. Please refresh your cache.</Message>\n    <Details></Details>\n</Error>'
Oct 18 12:27:27 linux-example python3[406733]: Traceback (most recent call last):
Oct 18 12:27:27 linux-example python3[406733]:   File "bin/WALinuxAgent-2.8.0.11-py2.7.egg/azurelinuxagent/common/protocol/wire.py", line 776, in update_goal_state
Oct 18 12:27:27 linux-example python3[406733]:     self._goal_state.update(silent=silent)
Oct 18 12:27:27 linux-example python3[406733]:   File "bin/WALinuxAgent-2.8.0.11-py2.7.egg/azurelinuxagent/common/protocol/goal_state.py", line 147, in update
Oct 18 12:27:27 linux-example python3[406733]:     self._update(force_update=False)
Oct 18 12:27:27 linux-example python3[406733]:   File "bin/WALinuxAgent-2.8.0.11-py2.7.egg/azurelinuxagent/common/protocol/goal_state.py", line 162, in _update
Oct 18 12:27:27 linux-example python3[406733]:     incarnation, xml_text, xml_doc = GoalState._fetch_goal_state(self._wire_client)
Oct 18 12:27:27 linux-example python3[406733]:   File "bin/WALinuxAgent-2.8.0.11-py2.7.egg/azurelinuxagent/common/protocol/goal_state.py", line 263, in _fetch_goal_state
Oct 18 12:27:27 linux-example python3[406733]:     xml_text = wire_client.fetch_config(uri, wire_client.get_header())
Oct 18 12:27:27 linux-example python3[406733]:   File "bin/WALinuxAgent-2.8.0.11-py2.7.egg/azurelinuxagent/common/protocol/wire.py", line 605, in fetch_config
Oct 18 12:27:27 linux-example python3[406733]:     resp = self.call_wireserver(restutil.http_get,
Oct 18 12:27:27 linux-example python3[406733]:   File "bin/WALinuxAgent-2.8.0.11-py2.7.egg/azurelinuxagent/common/protocol/wire.py", line 579, in call_wireserver
Oct 18 12:27:27 linux-example python3[406733]:     resp = http_req(*args, **kwargs)
Oct 18 12:27:27 linux-example python3[406733]:   File "bin/WALinuxAgent-2.8.0.11-py2.7.egg/azurelinuxagent/common/utils/restutil.py", line 525, in http_get
Oct 18 12:27:27 linux-example python3[406733]:     return http_request("GET",
Oct 18 12:27:27 linux-example python3[406733]:   File "bin/WALinuxAgent-2.8.0.11-py2.7.egg/azurelinuxagent/common/utils/restutil.py", line 476, in http_request
Oct 18 12:27:27 linux-example python3[406733]:     raise ResourceGoneError(response_error)
Oct 18 12:27:27 linux-example python3[406733]: azurelinuxagent.common.exception.ResourceGoneError: [ResourceGoneError] [HTTP Failed] [410: Gone] b'<?xml version="1.0" encoding="utf-8"?>\n<Error xmlns:xsi="http://www.w3.org/2001/XMLSchema-instance" xmlns:xsd="http://www.w3.org/2001/XMLSchema">\n    <Code>ResourceNotAvailable</Code>\n    <Message>The resource requested is no longer available. Please refresh your cache.</Message>\n    <Details></Details>\n</Error>'
Oct 18 12:27:27 linux-example python3[406733]: During handling of the above exception, another exception occurred:
Oct 18 12:27:27 linux-example python3[406733]: Traceback (most recent call last):
Oct 18 12:27:27 linux-example python3[406733]:   File "bin/WALinuxAgent-2.8.0.11-py2.7.egg/azurelinuxagent/ga/update.py", line 486, in _try_update_goal_state
Oct 18 12:27:27 linux-example python3[406733]:     protocol.update_goal_state(silent=self._update_goal_state_error_count >= max_errors_to_log)
Oct 18 12:27:27 linux-example python3[406733]:   File "bin/WALinuxAgent-2.8.0.11-py2.7.egg/azurelinuxagent/common/protocol/wire.py", line 87, in update_goal_state
Oct 18 12:27:27 linux-example python3[406733]:     self.client.update_goal_state(silent=silent)
Oct 18 12:27:27 linux-example python3[406733]:   File "bin/WALinuxAgent-2.8.0.11-py2.7.egg/azurelinuxagent/common/protocol/wire.py", line 781, in update_goal_state
Oct 18 12:27:27 linux-example python3[406733]:     raise ProtocolError("Error fetching goal state: {0}".format(ustr(exception)))
Oct 18 12:27:27 linux-example python3[406733]: azurelinuxagent.common.exception.ProtocolError: [ProtocolError] Error fetching goal state: [ResourceGoneError] [HTTP Failed] [410: Gone] b'<?xml version="1.0" encoding="utf-8"?>\n<Error xmlns:xsi="http://www.w3.org/2001/XMLSchema-instance" xmlns:xsd="http://www.w3.org/2001/XMLSchema">\n    <Code>ResourceNotAvailable</Code>\n    <Message>The resource requested is no longer available. Please refresh your cache.</Message>\n    <Details></Details>\n</Error>'
Oct 18 12:27:29 linux-example python3[406733]: 2022-10-18T12:27:29.440760Z WARNING MonitorHandler ExtHandler Error in SendHostPluginHeartbeat: [ResourceGoneError] [HTTP Failed] [410: Gone] b'<?xml version="1.0" encoding="utf-8"?>\n<Error xmlns:xsi="http://www.w3.org/2001/XMLSchema-instance" xmlns:xsd="http://www.w3.org/2001/XMLSchema">\n    <Code>ResourceNotAvailable</Code>\n    <Message>The resource requested is no longer available. Please refresh your cache.</Message>\n    <Details></Details>\n</Error>' --- [NOTE: Will not log the same error for the next hour]
Oct 18 12:27:33 linux-example python3[406733]: 2022-10-18T12:27:33.368955Z ERROR ExtHandler ExtHandler Error fetching the goal state: [ProtocolError] Error fetching goal state: [ResourceGoneError] [HTTP Failed] [410: Gone] b'<?xml version="1.0" encoding="utf-8"?>\n<Error xmlns:xsi="http://www.w3.org/2001/XMLSchema-instance" xmlns:xsd="http://www.w3.org/2001/XMLSchema">\n    <Code>ResourceNotAvailable</Code>\n    <Message>The resource requested is no longer available. Please refresh your cache.</Message>\n    <Details></Details>\n</Error>'
Oct 18 12:27:33 linux-example python3[406733]: Traceback (most recent call last):
Oct 18 12:27:33 linux-example python3[406733]:   File "bin/WALinuxAgent-2.8.0.11-py2.7.egg/azurelinuxagent/common/protocol/wire.py", line 776, in update_goal_state
Oct 18 12:27:33 linux-example python3[406733]:     self._goal_state.update(silent=silent)
Oct 18 12:27:33 linux-example python3[406733]:   File "bin/WALinuxAgent-2.8.0.11-py2.7.egg/azurelinuxagent/common/protocol/goal_state.py", line 147, in update
Oct 18 12:27:33 linux-example python3[406733]:     self._update(force_update=False)
Oct 18 12:27:33 linux-example python3[406733]:   File "bin/WALinuxAgent-2.8.0.11-py2.7.egg/azurelinuxagent/common/protocol/goal_state.py", line 162, in _update
Oct 18 12:27:33 linux-example python3[406733]:     incarnation, xml_text, xml_doc = GoalState._fetch_goal_state(self._wire_client)
Oct 18 12:27:33 linux-example python3[406733]:   File "bin/WALinuxAgent-2.8.0.11-py2.7.egg/azurelinuxagent/common/protocol/goal_state.py", line 263, in _fetch_goal_state
Oct 18 12:27:33 linux-example python3[406733]:     xml_text = wire_client.fetch_config(uri, wire_client.get_header())
Oct 18 12:27:33 linux-example python3[406733]:   File "bin/WALinuxAgent-2.8.0.11-py2.7.egg/azurelinuxagent/common/protocol/wire.py", line 605, in fetch_config
Oct 18 12:27:33 linux-example python3[406733]:     resp = self.call_wireserver(restutil.http_get,
Oct 18 12:27:33 linux-example python3[406733]:   File "bin/WALinuxAgent-2.8.0.11-py2.7.egg/azurelinuxagent/common/protocol/wire.py", line 579, in call_wireserver
Oct 18 12:27:33 linux-example python3[406733]:     resp = http_req(*args, **kwargs)
Oct 18 12:27:33 linux-example python3[406733]:   File "bin/WALinuxAgent-2.8.0.11-py2.7.egg/azurelinuxagent/common/utils/restutil.py", line 525, in http_get
Oct 18 12:27:33 linux-example python3[406733]:     return http_request("GET",
Oct 18 12:27:33 linux-example python3[406733]:   File "bin/WALinuxAgent-2.8.0.11-py2.7.egg/azurelinuxagent/common/utils/restutil.py", line 476, in http_request
Oct 18 12:27:33 linux-example python3[406733]:     raise ResourceGoneError(response_error)
Oct 18 12:27:33 linux-example python3[406733]: azurelinuxagent.common.exception.ResourceGoneError: [ResourceGoneError] [HTTP Failed] [410: Gone] b'<?xml version="1.0" encoding="utf-8"?>\n<Error xmlns:xsi="http://www.w3.org/2001/XMLSchema-instance" xmlns:xsd="http://www.w3.org/2001/XMLSchema">\n    <Code>ResourceNotAvailable</Code>\n    <Message>The resource requested is no longer available. Please refresh your cache.</Message>\n    <Details></Details>\n</Error>'
Oct 18 12:27:33 linux-example python3[406733]: During handling of the above exception, another exception occurred:
Oct 18 12:27:33 linux-example python3[406733]: Traceback (most recent call last):
Oct 18 12:27:33 linux-example python3[406733]:   File "bin/WALinuxAgent-2.8.0.11-py2.7.egg/azurelinuxagent/ga/update.py", line 486, in _try_update_goal_state
Oct 18 12:27:33 linux-example python3[406733]:     protocol.update_goal_state(silent=self._update_goal_state_error_count >= max_errors_to_log)
Oct 18 12:27:33 linux-example python3[406733]:   File "bin/WALinuxAgent-2.8.0.11-py2.7.egg/azurelinuxagent/common/protocol/wire.py", line 87, in update_goal_state
Oct 18 12:27:33 linux-example python3[406733]:     self.client.update_goal_state(silent=silent)
Oct 18 12:27:33 linux-example python3[406733]:   File "bin/WALinuxAgent-2.8.0.11-py2.7.egg/azurelinuxagent/common/protocol/wire.py", line 781, in update_goal_state
Oct 18 12:27:33 linux-example python3[406733]:     raise ProtocolError("Error fetching goal state: {0}".format(ustr(exception)))
Oct 18 12:27:33 linux-example python3[406733]: azurelinuxagent.common.exception.ProtocolError: [ProtocolError] Error fetching goal state: [ResourceGoneError] [HTTP Failed] [410: Gone] b'<?xml version="1.0" encoding="utf-8"?>\n<Error xmlns:xsi="http://www.w3.org/2001/XMLSchema-instance" xmlns:xsd="http://www.w3.org/2001/XMLSchema">\n    <Code>ResourceNotAvailable</Code>\n    <Message>The resource requested is no longer available. Please refresh your cache.</Message>\n    <Details></Details>\n</Error>'
Oct 18 12:27:38 linux-example python3[406733]: 2022-10-18T12:27:38.542276Z ERROR SendTelemetryHandler ExtHandler Event: name=WALinuxAgent, op=ReportEventErrors, message=DroppedEventsCount: 1
Oct 18 12:27:38 linux-example python3[406733]: Reasons (first 5 errors): [ProtocolError] Failed to send events:[ResourceGoneError] [HTTP Failed] [410: Gone] b'<?xml version="1.0" encoding="utf-8"?>\n<Error xmlns:xsi="http://www.w3.org/2001/XMLSchema-instance" xmlns:xsd="http://www.w3.org/2001/XMLSchema">\n    <Code>ResourceNotAvailable</Code>\n    <Message>The resource requested is no longer available. Please refresh your cache.</Message>\n    <Details></Details>\n</Error>': Traceback (most recent call last):
Oct 18 12:27:38 linux-example python3[406733]:   File "bin/WALinuxAgent-2.8.0.11-py2.7.egg/azurelinuxagent/common/protocol/wire.py", line 1081, in send_encoded_event
Oct 18 12:27:38 linux-example python3[406733]:     resp = self.call_wireserver(restutil.http_post, uri, data, header)
Oct 18 12:27:38 linux-example python3[406733]:   File "bin/WALinuxAgent-2.8.0.11-py2.7.egg/azurelinuxagent/common/protocol/wire.py", line 579, in call_wireserver
Oct 18 12:27:38 linux-example python3[406733]:     resp = http_req(*args, **kwargs)
Oct 18 12:27:38 linux-example python3[406733]:   File "bin/WALinuxAgent-2.8.0.11-py2.7.egg/azurelinuxagent/common/utils/restutil.py", line 565, in http_post
Oct 18 12:27:38 linux-example python3[406733]:     return http_request("POST",
Oct 18 12:27:38 linux-example python3[406733]:   File "bin/WALinuxAgent-2.8.0.11-py2.7.egg/azurelinuxagent/common/utils/restutil.py", line 476, in http_request
Oct 18 12:27:38 linux-example python3[406733]:     raise ResourceGoneError(response_error)
Oct 18 12:27:38 linux-example python3[406733]: azurelinuxagent.common.exception.ResourceGoneError: [ResourceGoneError] [HTTP Failed] [410: Gone] b'<?xml version="1.0" encoding="utf-8"?>\n<Error xmlns:xsi="http://www.w3.org/2001/XMLSchema-instance" xmlns:xsd="http://www.w3.org/2001/XMLSchema">\n    <Code>ResourceNotAvailable</Code>\n    <Message>The resource requested is no longer available. Please refresh your cache.</Message>\n    <Details></Details>\n</Error>'
Oct 18 12:27:38 linux-example python3[406733]: During handling of the above exception, another exception occurred:
Oct 18 12:27:38 linux-example python3[406733]: Traceback (most recent call last):
Oct 18 12:27:38 linux-example python3[406733]:   File "bin/WALinuxAgent-2.8.0.11-py2.7.egg/azurelinuxagent/common/protocol/wire.py", line 1097, in _send_event
Oct 18 12:27:38 linux-example python3[406733]:     self.send_encoded_event(provider_id, buf[provider_id])
Oct 18 12:27:38 linux-example python3[406733]:   File "bin/WALinuxAgent-2.8.0.11-py2.7.egg/azurelinuxagent/common/protocol/wire.py", line 1083, in send_encoded_event
Oct 18 12:27:38 linux-example python3[406733]:     raise ProtocolError("Failed to send events:{0}".format(e))
Oct 18 12:27:38 linux-example python3[406733]: azurelinuxagent.common.exception.ProtocolError: [ProtocolError] Failed to send events:[ResourceGoneError] [HTTP Failed] [410: Gone] b'<?xml version="1.0" encoding="utf-8"?>\n<Error xmlns:xsi="http://www.w3.org/2001/XMLSchema-instance" xmlns:xsd="http://www.w3.org/2001/XMLSchema">\n    <Code>ResourceNotAvailable</Code>\n    <Message>The resource requested is no longer available. Please refresh your cache.</Message>\n    <Details></Details>\n</Error>'
Oct 18 12:27:38 linux-example python3[406733]: , duration=0
Oct 18 12:27:39 linux-example python3[406733]: 2022-10-18T12:27:39.390588Z ERROR ExtHandler ExtHandler Fetching the goal state is still failing: [ProtocolError] Error fetching goal state: [ResourceGoneError] [HTTP Failed] [410: Gone] b'<?xml version="1.0" encoding="utf-8"?>\n<Error xmlns:xsi="http://www.w3.org/2001/XMLSchema-instance" xmlns:xsd="http://www.w3.org/2001/XMLSchema">\n    <Code>ResourceNotAvailable</Code>\n    <Message>The resource requested is no longer available. Please refresh your cache.</Message>\n    <Details></Details>\n</Error>'
Oct 18 12:27:39 linux-example python3[406733]: Traceback (most recent call last):
Oct 18 12:27:39 linux-example python3[406733]:   File "bin/WALinuxAgent-2.8.0.11-py2.7.egg/azurelinuxagent/common/protocol/wire.py", line 776, in update_goal_state
Oct 18 12:27:39 linux-example python3[406733]:     self._goal_state.update(silent=silent)
Oct 18 12:27:39 linux-example python3[406733]:   File "bin/WALinuxAgent-2.8.0.11-py2.7.egg/azurelinuxagent/common/protocol/goal_state.py", line 147, in update
Oct 18 12:27:39 linux-example python3[406733]:     self._update(force_update=False)
Oct 18 12:27:39 linux-example python3[406733]:   File "bin/WALinuxAgent-2.8.0.11-py2.7.egg/azurelinuxagent/common/protocol/goal_state.py", line 162, in _update
Oct 18 12:27:39 linux-example python3[406733]:     incarnation, xml_text, xml_doc = GoalState._fetch_goal_state(self._wire_client)
Oct 18 12:27:39 linux-example python3[406733]:   File "bin/WALinuxAgent-2.8.0.11-py2.7.egg/azurelinuxagent/common/protocol/goal_state.py", line 263, in _fetch_goal_state
Oct 18 12:27:39 linux-example python3[406733]:     xml_text = wire_client.fetch_config(uri, wire_client.get_header())
Oct 18 12:27:39 linux-example python3[406733]:   File "bin/WALinuxAgent-2.8.0.11-py2.7.egg/azurelinuxagent/common/protocol/wire.py", line 605, in fetch_config
Oct 18 12:27:39 linux-example python3[406733]:     resp = self.call_wireserver(restutil.http_get,
Oct 18 12:27:39 linux-example python3[406733]:   File "bin/WALinuxAgent-2.8.0.11-py2.7.egg/azurelinuxagent/common/protocol/wire.py", line 579, in call_wireserver
Oct 18 12:27:39 linux-example python3[406733]:     resp = http_req(*args, **kwargs)
Oct 18 12:27:39 linux-example python3[406733]:   File "bin/WALinuxAgent-2.8.0.11-py2.7.egg/azurelinuxagent/common/utils/restutil.py", line 525, in http_get
Oct 18 12:27:39 linux-example python3[406733]:     return http_request("GET",
Oct 18 12:27:39 linux-example python3[406733]:   File "bin/WALinuxAgent-2.8.0.11-py2.7.egg/azurelinuxagent/common/utils/restutil.py", line 476, in http_request
Oct 18 12:27:39 linux-example python3[406733]:     raise ResourceGoneError(response_error)
Oct 18 12:27:39 linux-example python3[406733]: azurelinuxagent.common.exception.ResourceGoneError: [ResourceGoneError] [HTTP Failed] [410: Gone] b'<?xml version="1.0" encoding="utf-8"?>\n<Error xmlns:xsi="http://www.w3.org/2001/XMLSchema-instance" xmlns:xsd="http://www.w3.org/2001/XMLSchema">\n    <Code>ResourceNotAvailable</Code>\n    <Message>The resource requested is no longer available. Please refresh your cache.</Message>\n    <Details></Details>\n</Error>'
Oct 18 12:27:39 linux-example python3[406733]: During handling of the above exception, another exception occurred:
Oct 18 12:27:39 linux-example python3[406733]: Traceback (most recent call last):
Oct 18 12:27:39 linux-example python3[406733]:   File "bin/WALinuxAgent-2.8.0.11-py2.7.egg/azurelinuxagent/ga/update.py", line 486, in _try_update_goal_state
Oct 18 12:27:39 linux-example python3[406733]:     protocol.update_goal_state(silent=self._update_goal_state_error_count >= max_errors_to_log)
Oct 18 12:27:39 linux-example python3[406733]:   File "bin/WALinuxAgent-2.8.0.11-py2.7.egg/azurelinuxagent/common/protocol/wire.py", line 87, in update_goal_state
Oct 18 12:27:39 linux-example python3[406733]:     self.client.update_goal_state(silent=silent)
Oct 18 12:27:39 linux-example python3[406733]:   File "bin/WALinuxAgent-2.8.0.11-py2.7.egg/azurelinuxagent/common/protocol/wire.py", line 781, in update_goal_state
Oct 18 12:27:39 linux-example python3[406733]:     raise ProtocolError("Error fetching goal state: {0}".format(ustr(exception)))
Oct 18 12:27:39 linux-example python3[406733]: azurelinuxagent.common.exception.ProtocolError: [ProtocolError] Error fetching goal state: [ResourceGoneError] [HTTP Failed] [410: Gone] b'<?xml version="1.0" encoding="utf-8"?>\n<Error xmlns:xsi="http://www.w3.org/2001/XMLSchema-instance" xmlns:xsd="http://www.w3.org/2001/XMLSchema">\n    <Code>ResourceNotAvailable</Code>\n    <Message>The resource requested is no longer available. Please refresh your cache.</Message>\n    <Details></Details>\n</Error>'
Oct 18 12:27:45 linux-example python3[406733]: 2022-10-18T12:27:45.411924Z ERROR ExtHandler ExtHandler Fetching the goal state is still failing: [ProtocolError] Error fetching goal state: [ResourceGoneError] [HTTP Failed] [410: Gone] b'<?xml version="1.0" encoding="utf-8"?>\n<Error xmlns:xsi="http://www.w3.org/2001/XMLSchema-instance" xmlns:xsd="http://www.w3.org/2001/XMLSchema">\n    <Code>ResourceNotAvailable</Code>\n    <Message>The resource requested is no longer available. Please refresh your cache.</Message>\n    <Details></Details>\n</Error>'
Oct 18 12:27:45 linux-example python3[406733]: Traceback (most recent call last):
Oct 18 12:27:45 linux-example python3[406733]:   File "bin/WALinuxAgent-2.8.0.11-py2.7.egg/azurelinuxagent/common/protocol/wire.py", line 776, in update_goal_state
Oct 18 12:27:45 linux-example python3[406733]:     self._goal_state.update(silent=silent)
Oct 18 12:27:45 linux-example python3[406733]:   File "bin/WALinuxAgent-2.8.0.11-py2.7.egg/azurelinuxagent/common/protocol/goal_state.py", line 147, in update
Oct 18 12:27:45 linux-example python3[406733]:     self._update(force_update=False)
Oct 18 12:27:45 linux-example python3[406733]:   File "bin/WALinuxAgent-2.8.0.11-py2.7.egg/azurelinuxagent/common/protocol/goal_state.py", line 162, in _update
Oct 18 12:27:45 linux-example python3[406733]:     incarnation, xml_text, xml_doc = GoalState._fetch_goal_state(self._wire_client)
Oct 18 12:27:45 linux-example python3[406733]:   File "bin/WALinuxAgent-2.8.0.11-py2.7.egg/azurelinuxagent/common/protocol/goal_state.py", line 263, in _fetch_goal_state
Oct 18 12:27:45 linux-example python3[406733]:     xml_text = wire_client.fetch_config(uri, wire_client.get_header())
Oct 18 12:27:45 linux-example python3[406733]:   File "bin/WALinuxAgent-2.8.0.11-py2.7.egg/azurelinuxagent/common/protocol/wire.py", line 605, in fetch_config
Oct 18 12:27:45 linux-example python3[406733]:     resp = self.call_wireserver(restutil.http_get,
Oct 18 12:27:45 linux-example python3[406733]:   File "bin/WALinuxAgent-2.8.0.11-py2.7.egg/azurelinuxagent/common/protocol/wire.py", line 579, in call_wireserver
Oct 18 12:27:45 linux-example python3[406733]:     resp = http_req(*args, **kwargs)
Oct 18 12:27:45 linux-example python3[406733]:   File "bin/WALinuxAgent-2.8.0.11-py2.7.egg/azurelinuxagent/common/utils/restutil.py", line 525, in http_get
Oct 18 12:27:45 linux-example python3[406733]:     return http_request("GET",
Oct 18 12:27:45 linux-example python3[406733]:   File "bin/WALinuxAgent-2.8.0.11-py2.7.egg/azurelinuxagent/common/utils/restutil.py", line 476, in http_request
Oct 18 12:27:45 linux-example python3[406733]:     raise ResourceGoneError(response_error)
Oct 18 12:27:45 linux-example python3[406733]: azurelinuxagent.common.exception.ResourceGoneError: [ResourceGoneError] [HTTP Failed] [410: Gone] b'<?xml version="1.0" encoding="utf-8"?>\n<Error xmlns:xsi="http://www.w3.org/2001/XMLSchema-instance" xmlns:xsd="http://www.w3.org/2001/XMLSchema">\n    <Code>ResourceNotAvailable</Code>\n    <Message>The resource requested is no longer available. Please refresh your cache.</Message>\n    <Details></Details>\n</Error>'
Oct 18 12:27:45 linux-example python3[406733]: During handling of the above exception, another exception occurred:
Oct 18 12:27:45 linux-example python3[406733]: Traceback (most recent call last):
Oct 18 12:27:45 linux-example python3[406733]:   File "bin/WALinuxAgent-2.8.0.11-py2.7.egg/azurelinuxagent/ga/update.py", line 486, in _try_update_goal_state
Oct 18 12:27:45 linux-example python3[406733]:     protocol.update_goal_state(silent=self._update_goal_state_error_count >= max_errors_to_log)
Oct 18 12:27:45 linux-example python3[406733]:   File "bin/WALinuxAgent-2.8.0.11-py2.7.egg/azurelinuxagent/common/protocol/wire.py", line 87, in update_goal_state
Oct 18 12:27:45 linux-example python3[406733]:     self.client.update_goal_state(silent=silent)
Oct 18 12:27:45 linux-example python3[406733]:   File "bin/WALinuxAgent-2.8.0.11-py2.7.egg/azurelinuxagent/common/protocol/wire.py", line 781, in update_goal_state
Oct 18 12:27:45 linux-example python3[406733]:     raise ProtocolError("Error fetching goal state: {0}".format(ustr(exception)))
Oct 18 12:27:45 linux-example python3[406733]: azurelinuxagent.common.exception.ProtocolError: [ProtocolError] Error fetching goal state: [ResourceGoneError] [HTTP Failed] [410: Gone] b'<?xml version="1.0" encoding="utf-8"?>\n<Error xmlns:xsi="http://www.w3.org/2001/XMLSchema-instance" xmlns:xsd="http://www.w3.org/2001/XMLSchema">\n    <Code>ResourceNotAvailable</Code>\n    <Message>The resource requested is no longer available. Please refresh your cache.</Message>\n    <Details></Details>\n</Error>'
Oct 18 12:27:51 linux-example python3[406733]: 2022-10-18T12:27:51.442883Z ERROR ExtHandler ExtHandler Fetching the goal state is still failing: [ProtocolError] Error fetching goal state: [ResourceGoneError] [HTTP Failed] [410: Gone] b'<?xml version="1.0" encoding="utf-8"?>\n<Error xmlns:xsi="http://www.w3.org/2001/XMLSchema-instance" xmlns:xsd="http://www.w3.org/2001/XMLSchema">\n    <Code>ResourceNotAvailable</Code>\n    <Message>The resource requested is no longer available. Please refresh your cache.</Message>\n    <Details></Details>\n</Error>'
Oct 18 12:27:51 linux-example python3[406733]: Traceback (most recent call last):
Oct 18 12:27:51 linux-example python3[406733]:   File "bin/WALinuxAgent-2.8.0.11-py2.7.egg/azurelinuxagent/common/protocol/wire.py", line 776, in update_goal_state
Oct 18 12:27:51 linux-example python3[406733]:     self._goal_state.update(silent=silent)
Oct 18 12:27:51 linux-example python3[406733]:   File "bin/WALinuxAgent-2.8.0.11-py2.7.egg/azurelinuxagent/common/protocol/goal_state.py", line 147, in update
Oct 18 12:27:51 linux-example python3[406733]:     self._update(force_update=False)
Oct 18 12:27:51 linux-example python3[406733]:   File "bin/WALinuxAgent-2.8.0.11-py2.7.egg/azurelinuxagent/common/protocol/goal_state.py", line 162, in _update
Oct 18 12:27:51 linux-example python3[406733]:     incarnation, xml_text, xml_doc = GoalState._fetch_goal_state(self._wire_client)
Oct 18 12:27:51 linux-example python3[406733]:   File "bin/WALinuxAgent-2.8.0.11-py2.7.egg/azurelinuxagent/common/protocol/goal_state.py", line 263, in _fetch_goal_state
Oct 18 12:27:51 linux-example python3[406733]:     xml_text = wire_client.fetch_config(uri, wire_client.get_header())
Oct 18 12:27:51 linux-example python3[406733]:   File "bin/WALinuxAgent-2.8.0.11-py2.7.egg/azurelinuxagent/common/protocol/wire.py", line 605, in fetch_config
Oct 18 12:27:51 linux-example python3[406733]:     resp = self.call_wireserver(restutil.http_get,
Oct 18 12:27:51 linux-example python3[406733]:   File "bin/WALinuxAgent-2.8.0.11-py2.7.egg/azurelinuxagent/common/protocol/wire.py", line 579, in call_wireserver
Oct 18 12:27:51 linux-example python3[406733]:     resp = http_req(*args, **kwargs)
Oct 18 12:27:51 linux-example python3[406733]:   File "bin/WALinuxAgent-2.8.0.11-py2.7.egg/azurelinuxagent/common/utils/restutil.py", line 525, in http_get
Oct 18 12:27:51 linux-example python3[406733]:     return http_request("GET",
Oct 18 12:27:51 linux-example python3[406733]:   File "bin/WALinuxAgent-2.8.0.11-py2.7.egg/azurelinuxagent/common/utils/restutil.py", line 476, in http_request
Oct 18 12:27:51 linux-example python3[406733]:     raise ResourceGoneError(response_error)
Oct 18 12:27:51 linux-example python3[406733]: azurelinuxagent.common.exception.ResourceGoneError: [ResourceGoneError] [HTTP Failed] [410: Gone] b'<?xml version="1.0" encoding="utf-8"?>\n<Error xmlns:xsi="http://www.w3.org/2001/XMLSchema-instance" xmlns:xsd="http://www.w3.org/2001/XMLSchema">\n    <Code>ResourceNotAvailable</Code>\n    <Message>The resource requested is no longer available. Please refresh your cache.</Message>\n    <Details></Details>\n</Error>'
Oct 18 12:27:51 linux-example python3[406733]: During handling of the above exception, another exception occurred:
Oct 18 12:27:51 linux-example python3[406733]: Traceback (most recent call last):
Oct 18 12:27:51 linux-example python3[406733]:   File "bin/WALinuxAgent-2.8.0.11-py2.7.egg/azurelinuxagent/ga/update.py", line 486, in _try_update_goal_state
Oct 18 12:27:51 linux-example python3[406733]:     protocol.update_goal_state(silent=self._update_goal_state_error_count >= max_errors_to_log)
Oct 18 12:27:51 linux-example python3[406733]:   File "bin/WALinuxAgent-2.8.0.11-py2.7.egg/azurelinuxagent/common/protocol/wire.py", line 87, in update_goal_state
Oct 18 12:27:51 linux-example python3[406733]:     self.client.update_goal_state(silent=silent)
Oct 18 12:27:51 linux-example python3[406733]:   File "bin/WALinuxAgent-2.8.0.11-py2.7.egg/azurelinuxagent/common/protocol/wire.py", line 781, in update_goal_state
Oct 18 12:27:51 linux-example python3[406733]:     raise ProtocolError("Error fetching goal state: {0}".format(ustr(exception)))
Oct 18 12:27:51 linux-example python3[406733]: azurelinuxagent.common.exception.ProtocolError: [ProtocolError] Error fetching goal state: [ResourceGoneError] [HTTP Failed] [410: Gone] b'<?xml version="1.0" encoding="utf-8"?>\n<Error xmlns:xsi="http://www.w3.org/2001/XMLSchema-instance" xmlns:xsd="http://www.w3.org/2001/XMLSchema">\n    <Code>ResourceNotAvailable</Code>\n    <Message>The resource requested is no longer available. Please refresh your cache.</Message>\n    <Details></Details>\n</Error>'
Oct 18 12:28:12 linux-example python3[406733]: 2022-10-18T12:28:12.722249Z INFO ExtHandler ExtHandler Fetching the goal state recovered from previous errors. Fetched incarnation_2 (certificates: [{'thumbprint': 'DD2482780D92D2882201BC842079374C2827F62C', 'hasPrivateKey': True}])
Oct 18 12:28:31 linux-example dbus-daemon[791]: [system] Activating via systemd: service name='org.freedesktop.PackageKit' unit='packagekit.service' requested by ':1.47052' (uid=0 pid=3530352 comm="/usr/bin/gdbus call --system --dest org.freedeskto" label="unconfined")
Oct 18 12:28:31 linux-example systemd[1]: Starting PackageKit Daemon...
Oct 18 12:28:31 linux-example PackageKit: daemon start
Oct 18 12:28:31 linux-example dbus-daemon[791]: [system] Successfully activated service 'org.freedesktop.PackageKit'
Oct 18 12:28:31 linux-example systemd[1]: Started PackageKit Daemon.
Oct 18 12:30:01 linux-example CRON[3530574]: (root) CMD (/usr/sbin/logrotate /etc/logrotate.d/omi --state /var/opt/omi/log/omi-logrotate.status >/dev/null 2>&1)
Oct 18 12:30:01 linux-example CRON[3530575]: (root) CMD (/usr/sbin/logrotate -s /var/lib/logrotate/omsagent-status /etc/logrotate.d/omsagent* >/dev/null 2>&1)
Oct 18 12:33:01 linux-example CRON[3530745]: (omsagent) CMD (/opt/omi/bin/OMSConsistencyInvoker >/dev/null 2>&1)
Oct 18 12:33:36 linux-example PackageKit: daemon quit
Oct 18 12:33:36 linux-example systemd[1]: packagekit.service: Succeeded.
Oct 18 12:35:01 linux-example CRON[3531013]: (root) CMD (/usr/sbin/logrotate -s /var/lib/logrotate/omsagent-status /etc/logrotate.d/omsagent* >/dev/null 2>&1)
Oct 18 12:40:01 linux-example CRON[3531284]: (root) CMD (/usr/sbin/logrotate -s /var/lib/logrotate/omsagent-status /etc/logrotate.d/omsagent* >/dev/null 2>&1)
Oct 18 12:45:01 linux-example CRON[3531574]: (root) CMD (/usr/sbin/logrotate /etc/logrotate.d/omi --state /var/opt/omi/log/omi-logrotate.status >/dev/null 2>&1)
Oct 18 12:45:01 linux-example CRON[3531575]: (root) CMD (/usr/sbin/logrotate -s /var/lib/logrotate/omsagent-status /etc/logrotate.d/omsagent* >/dev/null 2>&1)
Oct 18 12:48:01 linux-example CRON[3531745]: (omsagent) CMD (/opt/omi/bin/OMSConsistencyInvoker >/dev/null 2>&1)
Oct 18 12:49:53 linux-example python3[406733]: 2022-10-18T12:49:53.395052Z INFO ExtHandler ExtHandler [HEARTBEAT] Agent WALinuxAgent-2.8.0.11 is running as the goal state agent [DEBUG HeartbeatCounter: 1337;HeartbeatId: A7B96418-C870-4723-92EB-A32EF3944BA1;DroppedPackets: 0;UpdateGSErrors: 6;AutoUpdate: 1]
Oct 18 12:50:01 linux-example CRON[3532011]: (root) CMD (/usr/sbin/logrotate -s /var/lib/logrotate/omsagent-status /etc/logrotate.d/omsagent* >/dev/null 2>&1)
Oct 18 12:55:01 linux-example CRON[3532291]: (root) CMD (/usr/sbin/logrotate -s /var/lib/logrotate/omsagent-status /etc/logrotate.d/omsagent* >/dev/null 2>&1)
Oct 18 13:00:01 linux-example CRON[3532637]: (root) CMD (/usr/sbin/logrotate -s /var/lib/logrotate/omsagent-status /etc/logrotate.d/omsagent* >/dev/null 2>&1)
Oct 18 13:00:01 linux-example CRON[3532639]: (root) CMD (/usr/sbin/logrotate /etc/logrotate.d/omi --state /var/opt/omi/log/omi-logrotate.status >/dev/null 2>&1)
Oct 18 13:03:01 linux-example CRON[3532812]: (omsagent) CMD (/opt/omi/bin/OMSConsistencyInvoker >/dev/null 2>&1)
Oct 18 13:05:01 linux-example CRON[3533083]: (root) CMD (/usr/sbin/logrotate -s /var/lib/logrotate/omsagent-status /etc/logrotate.d/omsagent* >/dev/null 2>&1)
Oct 18 13:10:01 linux-example CRON[3533357]: (root) CMD (/usr/sbin/logrotate -s /var/lib/logrotate/omsagent-status /etc/logrotate.d/omsagent* >/dev/null 2>&1)
Oct 18 13:15:01 linux-example CRON[3533638]: (root) CMD (/usr/sbin/logrotate -s /var/lib/logrotate/omsagent-status /etc/logrotate.d/omsagent* >/dev/null 2>&1)
Oct 18 13:15:01 linux-example CRON[3533639]: (root) CMD (/usr/sbin/logrotate /etc/logrotate.d/omi --state /var/opt/omi/log/omi-logrotate.status >/dev/null 2>&1)
Oct 18 13:17:01 linux-example CRON[3533757]: (root) CMD (   cd / && run-parts --report /etc/cron.hourly)
Oct 18 13:18:01 linux-example CRON[3533816]: (omsagent) CMD (/opt/omi/bin/OMSConsistencyInvoker >/dev/null 2>&1)
Oct 18 13:19:35 linux-example python3[406733]: 2022-10-18T13:19:35.683422Z INFO ExtHandler ExtHandler No requested version specified, checking for all versions for agent update (family: Prod)
Oct 18 13:19:38 linux-example systemd[1]: Starting Refresh fwupd metadata and update motd...
Oct 18 13:19:38 linux-example systemd[1]: fwupd-refresh.service: Main process exited, code=exited, status=1/FAILURE
Oct 18 13:19:38 linux-example systemd[1]: fwupd-refresh.service: Failed with result 'exit-code'.
Oct 18 13:19:38 linux-example systemd[1]: Failed to start Refresh fwupd metadata and update motd.
Oct 18 13:19:53 linux-example python3[406733]: 2022-10-18T13:19:53.789249Z INFO ExtHandler ExtHandler [HEARTBEAT] Agent WALinuxAgent-2.8.0.11 is running as the goal state agent [DEBUG HeartbeatCounter: 1338;HeartbeatId: A7B96418-C870-4723-92EB-A32EF3944BA1;DroppedPackets: 0;UpdateGSErrors: 0;AutoUpdate: 1]
Oct 18 13:20:01 linux-example CRON[3534097]: (root) CMD (/usr/sbin/logrotate -s /var/lib/logrotate/omsagent-status /etc/logrotate.d/omsagent* >/dev/null 2>&1)
Oct 18 13:25:01 linux-example CRON[3534366]: (root) CMD (/usr/sbin/logrotate -s /var/lib/logrotate/omsagent-status /etc/logrotate.d/omsagent* >/dev/null 2>&1)
Oct 18 13:28:35 linux-example dbus-daemon[791]: [system] Activating via systemd: service name='org.freedesktop.PackageKit' unit='packagekit.service' requested by ':1.47114' (uid=0 pid=3534900 comm="/usr/bin/gdbus call --system --dest org.freedeskto" label="unconfined")
Oct 18 13:28:35 linux-example systemd[1]: Starting PackageKit Daemon...
Oct 18 13:28:35 linux-example PackageKit: daemon start
Oct 18 13:28:35 linux-example dbus-daemon[791]: [system] Successfully activated service 'org.freedesktop.PackageKit'
Oct 18 13:28:35 linux-example systemd[1]: Started PackageKit Daemon.
Oct 18 13:30:01 linux-example CRON[3535112]: (root) CMD (/usr/sbin/logrotate -s /var/lib/logrotate/omsagent-status /etc/logrotate.d/omsagent* >/dev/null 2>&1)
Oct 18 13:30:01 linux-example CRON[3535113]: (root) CMD (/usr/sbin/logrotate /etc/logrotate.d/omi --state /var/opt/omi/log/omi-logrotate.status >/dev/null 2>&1)
Oct 18 13:33:01 linux-example CRON[3535274]: (omsagent) CMD (/opt/omi/bin/OMSConsistencyInvoker >/dev/null 2>&1)
Oct 18 13:33:41 linux-example PackageKit: daemon quit
Oct 18 13:33:41 linux-example systemd[1]: packagekit.service: Succeeded.
Oct 18 13:34:38 linux-example systemd[1]: Starting Daily apt download activities...
Oct 18 13:34:39 linux-example dbus-daemon[791]: [system] Activating via systemd: service name='org.freedesktop.PackageKit' unit='packagekit.service' requested by ':1.47124' (uid=0 pid=3535798 comm="/usr/bin/gdbus call --system --dest org.freedeskto" label="unconfined")
Oct 18 13:34:39 linux-example systemd[1]: Starting PackageKit Daemon...
Oct 18 13:34:39 linux-example PackageKit: daemon start
Oct 18 13:34:39 linux-example dbus-daemon[791]: [system] Successfully activated service 'org.freedesktop.PackageKit'
Oct 18 13:34:39 linux-example systemd[1]: Started PackageKit Daemon.
Oct 18 13:34:42 linux-example systemd[1]: apt-daily.service: Succeeded.
Oct 18 13:34:42 linux-example systemd[1]: Finished Daily apt download activities.
Oct 18 13:35:01 linux-example CRON[3535875]: (root) CMD (/usr/sbin/logrotate -s /var/lib/logrotate/omsagent-status /etc/logrotate.d/omsagent* >/dev/null 2>&1)
Oct 18 13:36:51 linux-example snapd[1143394]: storehelpers.go:748: cannot refresh: snap has no updates available: "core20", "lxd", "snapd"
Oct 18 13:36:51 linux-example snapd[1143394]: autorefresh.go:540: auto-refresh: all snaps are up-to-date
Oct 18 13:39:44 linux-example PackageKit: daemon quit
Oct 18 13:39:44 linux-example systemd[1]: packagekit.service: Succeeded.
Oct 18 13:40:01 linux-example CRON[3536146]: (root) CMD (/usr/sbin/logrotate -s /var/lib/logrotate/omsagent-status /etc/logrotate.d/omsagent* >/dev/null 2>&1)
Oct 18 13:45:01 linux-example CRON[3536420]: (root) CMD (/usr/sbin/logrotate -s /var/lib/logrotate/omsagent-status /etc/logrotate.d/omsagent* >/dev/null 2>&1)
Oct 18 13:45:01 linux-example CRON[3536421]: (root) CMD (/usr/sbin/logrotate /etc/logrotate.d/omi --state /var/opt/omi/log/omi-logrotate.status >/dev/null 2>&1)
Oct 18 13:48:01 linux-example CRON[3536596]: (omsagent) CMD (/opt/omi/bin/OMSConsistencyInvoker >/dev/null 2>&1)
Oct 18 13:49:54 linux-example python3[406733]: 2022-10-18T13:49:54.716001Z INFO ExtHandler ExtHandler [HEARTBEAT] Agent WALinuxAgent-2.8.0.11 is running as the goal state agent [DEBUG HeartbeatCounter: 1339;HeartbeatId: A7B96418-C870-4723-92EB-A32EF3944BA1;DroppedPackets: 0;UpdateGSErrors: 0;AutoUpdate: 1]
Oct 18 13:50:01 linux-example CRON[3536859]: (root) CMD (/usr/sbin/logrotate -s /var/lib/logrotate/omsagent-status /etc/logrotate.d/omsagent* >/dev/null 2>&1)
Oct 18 13:55:01 linux-example CRON[3537132]: (root) CMD (/usr/sbin/logrotate -s /var/lib/logrotate/omsagent-status /etc/logrotate.d/omsagent* >/dev/null 2>&1)
Oct 18 14:00:01 linux-example CRON[3537491]: (root) CMD (/usr/sbin/logrotate -s /var/lib/logrotate/omsagent-status /etc/logrotate.d/omsagent* >/dev/null 2>&1)
Oct 18 14:00:01 linux-example CRON[3537492]: (root) CMD (/usr/sbin/logrotate /etc/logrotate.d/omi --state /var/opt/omi/log/omi-logrotate.status >/dev/null 2>&1)
Oct 18 14:03:01 linux-example CRON[3537662]: (omsagent) CMD (/opt/omi/bin/OMSConsistencyInvoker >/dev/null 2>&1)
Oct 18 14:05:01 linux-example CRON[3537925]: (root) CMD (/usr/sbin/logrotate -s /var/lib/logrotate/omsagent-status /etc/logrotate.d/omsagent* >/dev/null 2>&1)
Oct 18 14:10:01 linux-example CRON[3538193]: (root) CMD (/usr/sbin/logrotate -s /var/lib/logrotate/omsagent-status /etc/logrotate.d/omsagent* >/dev/null 2>&1)
Oct 18 14:15:01 linux-example CRON[3538470]: (root) CMD (/usr/sbin/logrotate -s /var/lib/logrotate/omsagent-status /etc/logrotate.d/omsagent* >/dev/null 2>&1)
Oct 18 14:15:01 linux-example CRON[3538471]: (root) CMD (/usr/sbin/logrotate /etc/logrotate.d/omi --state /var/opt/omi/log/omi-logrotate.status >/dev/null 2>&1)
Oct 18 14:17:01 linux-example CRON[3538582]: (root) CMD (   cd / && run-parts --report /etc/cron.hourly)
Oct 18 14:18:01 linux-example CRON[3538639]: (omsagent) CMD (/opt/omi/bin/OMSConsistencyInvoker >/dev/null 2>&1)
Oct 18 14:19:36 linux-example python3[406733]: 2022-10-18T14:19:36.973587Z INFO ExtHandler ExtHandler No requested version specified, checking for all versions for agent update (family: Prod)
Oct 18 14:19:55 linux-example python3[406733]: 2022-10-18T14:19:55.069512Z INFO ExtHandler ExtHandler [HEARTBEAT] Agent WALinuxAgent-2.8.0.11 is running as the goal state agent [DEBUG HeartbeatCounter: 1340;HeartbeatId: A7B96418-C870-4723-92EB-A32EF3944BA1;DroppedPackets: 0;UpdateGSErrors: 0;AutoUpdate: 1]
Oct 18 14:20:01 linux-example CRON[3538943]: (root) CMD (/usr/sbin/logrotate -s /var/lib/logrotate/omsagent-status /etc/logrotate.d/omsagent* >/dev/null 2>&1)
Oct 18 14:25:01 linux-example CRON[3539205]: (root) CMD (/usr/sbin/logrotate -s /var/lib/logrotate/omsagent-status /etc/logrotate.d/omsagent* >/dev/null 2>&1)
Oct 18 14:28:38 linux-example dbus-daemon[791]: [system] Activating via systemd: service name='org.freedesktop.PackageKit' unit='packagekit.service' requested by ':1.47181' (uid=0 pid=3539684 comm="/usr/bin/gdbus call --system --dest org.freedeskto" label="unconfined")
Oct 18 14:28:38 linux-example systemd[1]: Starting PackageKit Daemon...
Oct 18 14:28:38 linux-example PackageKit: daemon start
Oct 18 14:28:38 linux-example dbus-daemon[791]: [system] Successfully activated service 'org.freedesktop.PackageKit'
Oct 18 14:28:38 linux-example systemd[1]: Started PackageKit Daemon.
Oct 18 14:30:01 linux-example CRON[3539900]: (root) CMD (/usr/sbin/logrotate -s /var/lib/logrotate/omsagent-status /etc/logrotate.d/omsagent* >/dev/null 2>&1)
Oct 18 14:30:01 linux-example CRON[3539902]: (root) CMD (/usr/sbin/logrotate /etc/logrotate.d/omi --state /var/opt/omi/log/omi-logrotate.status >/dev/null 2>&1)
Oct 18 14:33:01 linux-example CRON[3540062]: (omsagent) CMD (/opt/omi/bin/OMSConsistencyInvoker >/dev/null 2>&1)
Oct 18 14:33:43 linux-example PackageKit: daemon quit
Oct 18 14:33:43 linux-example systemd[1]: packagekit.service: Succeeded.
Oct 18 14:35:01 linux-example CRON[3540336]: (root) CMD (/usr/sbin/logrotate -s /var/lib/logrotate/omsagent-status /etc/logrotate.d/omsagent* >/dev/null 2>&1)
Oct 18 14:38:49 linux-example systemd[1]: Started Session 15916 of user azureadmin.
